ARM Linker, 5.03 [Build 76] [MDK-ARM Lite]

==============================================================================

Section Cross References

    startup.o(STACK) refers (Special) to heapauxi.o(.text) for __use_two_region_memory
    startup.o(HEAP) refers (Special) to heapauxi.o(.text) for __use_two_region_memory
    startup.o(RESET) refers (Special) to heapauxi.o(.text) for __use_two_region_memory
    startup.o(RESET) refers to startup.o(STACK) for StackMem
    startup.o(RESET) refers to spaceinvaders.o(i.SysTick_Handler) for SysTick_Handler
    startup.o(RESET) refers to sound.o(i.Timer0A_Handler) for Timer0A_Handler
    startup.o(RESET) refers to spaceinvaders.o(i.Timer2A_Handler) for Timer2A_Handler
    startup.o(RESET) refers to texas.o(i.Timer4A_Handler) for Timer4A_Handler
    startup.o(RESET) refers to texas.o(i.Timer5A_Handler) for Timer5A_Handler
    startup.o(RESET) refers to __main.o(!!!main) for __main
    startup.o(.text) refers (Special) to heapauxi.o(.text) for __use_two_region_memory
    startup.o(.text) refers to startup.o(HEAP) for HeapMem
    startup.o(.text) refers to startup.o(STACK) for StackMem
    nokia5110.o(i.Nokia5110_Clear) refers to nokia5110.o(i.lcdwrite) for lcdwrite
    nokia5110.o(i.Nokia5110_Clear) refers to nokia5110.o(i.Nokia5110_SetCursor) for Nokia5110_SetCursor
    nokia5110.o(i.Nokia5110_ClearBuffer) refers to nokia5110.o(.bss) for Screen
    nokia5110.o(i.Nokia5110_ClearPixel) refers to nokia5110.o(.bss) for Screen
    nokia5110.o(i.Nokia5110_DisplayBuffer) refers to nokia5110.o(i.Nokia5110_DrawFullImage) for Nokia5110_DrawFullImage
    nokia5110.o(i.Nokia5110_DisplayBuffer) refers to nokia5110.o(.bss) for Screen
    nokia5110.o(i.Nokia5110_DrawFullImage) refers to nokia5110.o(i.Nokia5110_SetCursor) for Nokia5110_SetCursor
    nokia5110.o(i.Nokia5110_DrawFullImage) refers to nokia5110.o(i.lcdwrite) for lcdwrite
    nokia5110.o(i.Nokia5110_Init) refers to nokia5110.o(i.lcdwrite) for lcdwrite
    nokia5110.o(i.Nokia5110_OutChar) refers to nokia5110.o(i.lcdwrite) for lcdwrite
    nokia5110.o(i.Nokia5110_OutChar) refers to nokia5110.o(.constdata) for ASCII
    nokia5110.o(i.Nokia5110_OutString) refers to nokia5110.o(i.Nokia5110_OutChar) for Nokia5110_OutChar
    nokia5110.o(i.Nokia5110_OutUDec) refers to nokia5110.o(i.Nokia5110_OutString) for Nokia5110_OutString
    nokia5110.o(i.Nokia5110_OutUDec) refers to nokia5110.o(i.Nokia5110_OutChar) for Nokia5110_OutChar
    nokia5110.o(i.Nokia5110_PrintBMP) refers to nokia5110.o(.bss) for Screen
    nokia5110.o(i.Nokia5110_SetCursor) refers to nokia5110.o(i.lcdwrite) for lcdwrite
    nokia5110.o(i.Nokia5110_SetPixel) refers to nokia5110.o(.bss) for Screen
    random.o(.text) refers to random.o(DATA) for M
    spaceinvaders.o(i.Convert) refers to dflt_clz.o(x$fpl$dfltu) for __aeabi_ui2d
    spaceinvaders.o(i.Convert) refers to daddsub_clz.o(x$fpl$dadd) for __aeabi_dadd
    spaceinvaders.o(i.Convert) refers to dfixu.o(x$fpl$dfixu) for __aeabi_d2uiz
    spaceinvaders.o(i.Convert) refers to dmul.o(x$fpl$dmul) for __aeabi_dmul
    spaceinvaders.o(i.Draw) refers to nokia5110.o(i.Nokia5110_ClearBuffer) for Nokia5110_ClearBuffer
    spaceinvaders.o(i.Draw) refers to nokia5110.o(i.Nokia5110_PrintBMP) for Nokia5110_PrintBMP
    spaceinvaders.o(i.Draw) refers to sound.o(i.Sound_Explosion) for Sound_Explosion
    spaceinvaders.o(i.Draw) refers to sound.o(i.Sound_Killed) for Sound_Killed
    spaceinvaders.o(i.Draw) refers to nokia5110.o(i.Nokia5110_DisplayBuffer) for Nokia5110_DisplayBuffer
    spaceinvaders.o(i.Draw) refers to spaceinvaders.o(.bss) for Enemy
    spaceinvaders.o(i.Draw) refers to spaceinvaders.o(.data) for FrameCount
    spaceinvaders.o(i.Draw) refers to spaceinvaders.o(.constdata) for SmallEnemy30PointA
    spaceinvaders.o(i.Init) refers to spaceinvaders.o(.bss) for Enemy
    spaceinvaders.o(i.Init) refers to spaceinvaders.o(.constdata) for SmallEnemy30PointA
    spaceinvaders.o(i.Move) refers to spaceinvaders.o(.bss) for Enemy
    spaceinvaders.o(i.SysTick_Handler) refers to spaceinvaders.o(i.ADC0_In) for ADC0_In
    spaceinvaders.o(i.SysTick_Handler) refers to spaceinvaders.o(i.Convert) for Convert
    spaceinvaders.o(i.SysTick_Handler) refers to random.o(.text) for Random32
    spaceinvaders.o(i.SysTick_Handler) refers to sound.o(i.Sound_Shoot) for Sound_Shoot
    spaceinvaders.o(i.SysTick_Handler) refers to spaceinvaders.o(.data) for ADCdata
    spaceinvaders.o(i.SysTick_Handler) refers to spaceinvaders.o(.bss) for Enemy
    spaceinvaders.o(i.SysTick_Handler) refers to spaceinvaders.o(.constdata) for SmallEnemy30PointA
    spaceinvaders.o(i.Timer2A_Handler) refers to spaceinvaders.o(.data) for TimerCount
    spaceinvaders.o(i.Timer2_Init) refers to spaceinvaders.o(.data) for TimerCount
    spaceinvaders.o(i.fail) refers to nokia5110.o(i.Nokia5110_Clear) for Nokia5110_Clear
    spaceinvaders.o(i.fail) refers to nokia5110.o(i.Nokia5110_OutString) for Nokia5110_OutString
    spaceinvaders.o(i.fail) refers to spaceinvaders.o(i.Delay100ms) for Delay100ms
    spaceinvaders.o(i.main) refers to texas.o(i.TExaS_Init) for TExaS_Init
    spaceinvaders.o(i.main) refers to random.o(.text) for Random_Init
    spaceinvaders.o(i.main) refers to spaceinvaders.o(i.ADC0_Init) for ADC0_Init
    spaceinvaders.o(i.main) refers to sound.o(i.Sound_Init) for Sound_Init
    spaceinvaders.o(i.main) refers to spaceinvaders.o(i.Init) for Init
    spaceinvaders.o(i.main) refers to spaceinvaders.o(i.GIPO_Init) for GIPO_Init
    spaceinvaders.o(i.main) refers to spaceinvaders.o(i.SysTick_Init) for SysTick_Init
    spaceinvaders.o(i.main) refers to nokia5110.o(i.Nokia5110_Init) for Nokia5110_Init
    spaceinvaders.o(i.main) refers to nokia5110.o(i.Nokia5110_ClearBuffer) for Nokia5110_ClearBuffer
    spaceinvaders.o(i.main) refers to sound.o(i.Sound_Highpitch) for Sound_Highpitch
    spaceinvaders.o(i.main) refers to nokia5110.o(i.Nokia5110_PrintBMP) for Nokia5110_PrintBMP
    spaceinvaders.o(i.main) refers to spaceinvaders.o(i.starting) for starting
    spaceinvaders.o(i.main) refers to spaceinvaders.o(i.Timer2_Init) for Timer2_Init
    spaceinvaders.o(i.main) refers to spaceinvaders.o(i.Move) for Move
    spaceinvaders.o(i.main) refers to spaceinvaders.o(i.Draw) for Draw
    spaceinvaders.o(i.main) refers to spaceinvaders.o(i.Delay100ms) for Delay100ms
    spaceinvaders.o(i.main) refers to spaceinvaders.o(i.fail) for fail
    spaceinvaders.o(i.main) refers to spaceinvaders.o(i.pass) for pass
    spaceinvaders.o(i.main) refers to spaceinvaders.o(.constdata) for PlayerShip0
    spaceinvaders.o(i.main) refers to spaceinvaders.o(.data) for start1
    spaceinvaders.o(i.main) refers to spaceinvaders.o(.bss) for Bunke
    spaceinvaders.o(i.pass) refers to nokia5110.o(i.Nokia5110_Clear) for Nokia5110_Clear
    spaceinvaders.o(i.pass) refers to nokia5110.o(i.Nokia5110_OutString) for Nokia5110_OutString
    spaceinvaders.o(i.pass) refers to spaceinvaders.o(i.Delay100ms) for Delay100ms
    spaceinvaders.o(i.starting) refers to nokia5110.o(i.Nokia5110_Clear) for Nokia5110_Clear
    spaceinvaders.o(i.starting) refers to nokia5110.o(i.Nokia5110_OutString) for Nokia5110_OutString
    texas.o(i.SetCode) refers to texas.o(.bss) for TExaS
    texas.o(i.SetCourse) refers to texas.o(.bss) for TExaS
    texas.o(i.SetMode) refers to texas.o(.bss) for TExaS
    texas.o(i.StartTimer4) refers to texas.o(.data) for ScopeCount
    texas.o(i.TExaS_Init) refers to texas.o(i.PLL_Init) for PLL_Init
    texas.o(i.TExaS_Init) refers to texas.o(i.SetCourse) for SetCourse
    texas.o(i.TExaS_Init) refers to texas.o(i.UART0_Init) for UART0_Init
    texas.o(i.TExaS_Init) refers to texas.o(i.SetCode) for SetCode
    texas.o(i.TExaS_Init) refers to texas.o(i.ADC1_Init) for ADC1_Init
    texas.o(i.TExaS_Init) refers to texas.o(.constdata) for IntroMsg
    texas.o(i.TExaS_Init) refers to texas.o(.bss) for TExaS
    texas.o(i.TExaS_Init) refers to texas.o(.data) for LastMode
    texas.o(i.Timer5A_Handler) refers to texas.o(i.ADC1_In) for ADC1_In
    texas.o(i.Timer5A_Handler) refers to texas.o(.data) for TExaS_Period
    sound.o(i.Play) refers to sound.o(i.DAC_Out) for DAC_Out
    sound.o(i.Play) refers to sound.o(.data) for Count1
    sound.o(i.Sound_Explosion) refers to sound.o(i.Sound_Play) for Sound_Play
    sound.o(i.Sound_Explosion) refers to sound.o(.constdata) for explosion
    sound.o(i.Sound_Fastinvader1) refers to sound.o(i.Sound_Play) for Sound_Play
    sound.o(i.Sound_Fastinvader1) refers to sound.o(.constdata) for fastinvader1
    sound.o(i.Sound_Fastinvader2) refers to sound.o(i.Sound_Play) for Sound_Play
    sound.o(i.Sound_Fastinvader2) refers to sound.o(.constdata) for fastinvader2
    sound.o(i.Sound_Fastinvader3) refers to sound.o(i.Sound_Play) for Sound_Play
    sound.o(i.Sound_Fastinvader3) refers to sound.o(.constdata) for fastinvader3
    sound.o(i.Sound_Fastinvader4) refers to sound.o(i.Sound_Play) for Sound_Play
    sound.o(i.Sound_Fastinvader4) refers to sound.o(.constdata) for fastinvader4
    sound.o(i.Sound_Highpitch) refers to sound.o(i.Sound_Play) for Sound_Play
    sound.o(i.Sound_Highpitch) refers to sound.o(.constdata) for highpitch
    sound.o(i.Sound_Init) refers to sound.o(i.DAC_Init) for DAC_Init
    sound.o(i.Sound_Init) refers to sound.o(i.Timer0_Init) for Timer0_Init
    sound.o(i.Sound_Init) refers to sound.o(i.Play) for Play
    sound.o(i.Sound_Init) refers to sound.o(.data) for Index
    sound.o(i.Sound_Killed) refers to sound.o(i.Sound_Play) for Sound_Play
    sound.o(i.Sound_Killed) refers to sound.o(.constdata) for invaderkilled
    sound.o(i.Sound_Play) refers to sound.o(.data) for Wave
    sound.o(i.Sound_Shoot) refers to sound.o(i.Sound_Play) for Sound_Play
    sound.o(i.Sound_Shoot) refers to sound.o(.constdata) for shoot
    sound.o(i.Timer0A_Handler) refers to sound.o(.data) for PeriodicTask
    sound.o(i.Timer0_Init) refers to sound.o(.data) for PeriodicTask
    __main.o(!!!main) refers to rtentry.o(.ARM.Collect$$rtentry$$00000000) for __rt_entry
    daddsub_clz.o(x$fpl$dadd) refers (Special) to usenofp.o(x$fpl$usenofp) for __I$use$fp
    daddsub_clz.o(x$fpl$dadd) refers to daddsub_clz.o(x$fpl$dsub) for _dsub1
    daddsub_clz.o(x$fpl$dadd) refers to dretinf.o(x$fpl$dretinf) for __fpl_dretinf
    daddsub_clz.o(x$fpl$dadd) refers to dnaninf.o(x$fpl$dnaninf) for __fpl_dnaninf
    daddsub_clz.o(x$fpl$drsb) refers (Special) to usenofp.o(x$fpl$usenofp) for __I$use$fp
    daddsub_clz.o(x$fpl$drsb) refers to daddsub_clz.o(x$fpl$dadd) for _dadd1
    daddsub_clz.o(x$fpl$drsb) refers to daddsub_clz.o(x$fpl$dsub) for _dsub1
    daddsub_clz.o(x$fpl$dsub) refers (Special) to usenofp.o(x$fpl$usenofp) for __I$use$fp
    daddsub_clz.o(x$fpl$dsub) refers to daddsub_clz.o(x$fpl$dadd) for _dadd1
    daddsub_clz.o(x$fpl$dsub) refers to dnaninf.o(x$fpl$dnaninf) for __fpl_dnaninf
    dfixu.o(x$fpl$dfixu) refers (Special) to usenofp.o(x$fpl$usenofp) for __I$use$fp
    dfixu.o(x$fpl$dfixu) refers to dnaninf.o(x$fpl$dnaninf) for __fpl_dnaninf
    dfixu.o(x$fpl$dfixur) refers (Special) to usenofp.o(x$fpl$usenofp) for __I$use$fp
    dfixu.o(x$fpl$dfixur) refers to dnaninf.o(x$fpl$dnaninf) for __fpl_dnaninf
    dflt_clz.o(x$fpl$dfltu) refers (Special) to usenofp.o(x$fpl$usenofp) for __I$use$fp
    dflt_clz.o(x$fpl$dflt) refers (Special) to usenofp.o(x$fpl$usenofp) for __I$use$fp
    dflt_clz.o(x$fpl$dfltn) refers (Special) to usenofp.o(x$fpl$usenofp) for __I$use$fp
    dmul.o(x$fpl$dmul) refers (Special) to usenofp.o(x$fpl$usenofp) for __I$use$fp
    dmul.o(x$fpl$dmul) refers to dretinf.o(x$fpl$dretinf) for __fpl_dretinf
    dmul.o(x$fpl$dmul) refers to dnaninf.o(x$fpl$dnaninf) for __fpl_dnaninf
    rtentry.o(.ARM.Collect$$rtentry$$00000000) refers (Special) to rtentry2.o(.ARM.Collect$$rtentry$$0000000A) for __rt_entry_li
    rtentry.o(.ARM.Collect$$rtentry$$00000000) refers (Special) to rtentry2.o(.ARM.Collect$$rtentry$$0000000D) for __rt_entry_main
    rtentry.o(.ARM.Collect$$rtentry$$00000000) refers (Special) to rtentry2.o(.ARM.Collect$$rtentry$$0000000C) for __rt_entry_postli_1
    rtentry.o(.ARM.Collect$$rtentry$$00000000) refers (Special) to rtentry2.o(.ARM.Collect$$rtentry$$00000009) for __rt_entry_postsh_1
    rtentry.o(.ARM.Collect$$rtentry$$00000000) refers (Special) to rtentry2.o(.ARM.Collect$$rtentry$$00000002) for __rt_entry_presh_1
    rtentry.o(.ARM.Collect$$rtentry$$00000000) refers (Special) to rtentry4.o(.ARM.Collect$$rtentry$$00000004) for __rt_entry_sh
    dnaninf.o(x$fpl$dnaninf) refers (Special) to usenofp.o(x$fpl$usenofp) for __I$use$fp
    dretinf.o(x$fpl$dretinf) refers (Special) to usenofp.o(x$fpl$usenofp) for __I$use$fp
    rtentry2.o(.ARM.Collect$$rtentry$$00000008) refers to boardinit2.o(.text) for _platform_post_stackheap_init
    rtentry2.o(.ARM.Collect$$rtentry$$0000000A) refers to libinit.o(.ARM.Collect$$libinit$$00000000) for __rt_lib_init
    rtentry2.o(.ARM.Collect$$rtentry$$0000000B) refers to boardinit3.o(.text) for _platform_post_lib_init
    rtentry2.o(.ARM.Collect$$rtentry$$0000000D) refers to spaceinvaders.o(i.main) for main
    rtentry2.o(.ARM.Collect$$rtentry$$0000000D) refers to exit.o(.text) for exit
    rtentry2.o(.ARM.exidx) refers to rtentry2.o(.ARM.Collect$$rtentry$$00000001) for .ARM.Collect$$rtentry$$00000001
    rtentry2.o(.ARM.exidx) refers to rtentry2.o(.ARM.Collect$$rtentry$$00000008) for .ARM.Collect$$rtentry$$00000008
    rtentry2.o(.ARM.exidx) refers to rtentry2.o(.ARM.Collect$$rtentry$$0000000A) for .ARM.Collect$$rtentry$$0000000A
    rtentry2.o(.ARM.exidx) refers to rtentry2.o(.ARM.Collect$$rtentry$$0000000B) for .ARM.Collect$$rtentry$$0000000B
    rtentry2.o(.ARM.exidx) refers to rtentry2.o(.ARM.Collect$$rtentry$$0000000D) for .ARM.Collect$$rtentry$$0000000D
    rtentry4.o(.ARM.Collect$$rtentry$$00000004) refers to sys_stackheap_outer.o(.text) for __user_setup_stackheap
    rtentry4.o(.ARM.exidx) refers to rtentry4.o(.ARM.Collect$$rtentry$$00000004) for .ARM.Collect$$rtentry$$00000004
    sys_stackheap_outer.o(.text) refers to libspace.o(.text) for __user_perproc_libspace
    sys_stackheap_outer.o(.text) refers to startup.o(.text) for __user_initial_stackheap
    exit.o(.text) refers to rtexit.o(.ARM.Collect$$rtexit$$00000000) for __rt_exit
    libinit.o(.ARM.Collect$$libinit$$00000000) refers (Special) to libinit2.o(.ARM.Collect$$libinit$$0000002C) for __rt_lib_init_alloca_1
    libinit.o(.ARM.Collect$$libinit$$00000000) refers (Special) to libinit2.o(.ARM.Collect$$libinit$$0000002A) for __rt_lib_init_argv_1
    libinit.o(.ARM.Collect$$libinit$$00000000) refers (Special) to libinit2.o(.ARM.Collect$$libinit$$00000019) for __rt_lib_init_atexit_1
    libinit.o(.ARM.Collect$$libinit$$00000000) refers (Special) to libinit2.o(.ARM.Collect$$libinit$$0000001F) for __rt_lib_init_clock_1
    libinit.o(.ARM.Collect$$libinit$$00000000) refers (Special) to libinit2.o(.ARM.Collect$$libinit$$00000030) for __rt_lib_init_cpp_1
    libinit.o(.ARM.Collect$$libinit$$00000000) refers (Special) to libinit2.o(.ARM.Collect$$libinit$$0000002E) for __rt_lib_init_exceptions_1
    libinit.o(.ARM.Collect$$libinit$$00000000) refers (Special) to libinit2.o(.ARM.Collect$$libinit$$00000002) for __rt_lib_init_fp_1
    libinit.o(.ARM.Collect$$libinit$$00000000) refers (Special) to libinit2.o(.ARM.Collect$$libinit$$0000001D) for __rt_lib_init_fp_trap_1
    libinit.o(.ARM.Collect$$libinit$$00000000) refers (Special) to libinit2.o(.ARM.Collect$$libinit$$00000021) for __rt_lib_init_getenv_1
    libinit.o(.ARM.Collect$$libinit$$00000000) refers (Special) to libinit2.o(.ARM.Collect$$libinit$$00000008) for __rt_lib_init_heap_1
    libinit.o(.ARM.Collect$$libinit$$00000000) refers (Special) to libinit2.o(.ARM.Collect$$libinit$$0000000F) for __rt_lib_init_lc_collate_1
    libinit.o(.ARM.Collect$$libinit$$00000000) refers (Special) to libinit2.o(.ARM.Collect$$libinit$$00000011) for __rt_lib_init_lc_ctype_1
    libinit.o(.ARM.Collect$$libinit$$00000000) refers (Special) to libinit2.o(.ARM.Collect$$libinit$$00000013) for __rt_lib_init_lc_monetary_1
    libinit.o(.ARM.Collect$$libinit$$00000000) refers (Special) to libinit2.o(.ARM.Collect$$libinit$$00000015) for __rt_lib_init_lc_numeric_1
    libinit.o(.ARM.Collect$$libinit$$00000000) refers (Special) to libinit2.o(.ARM.Collect$$libinit$$00000017) for __rt_lib_init_lc_time_1
    libinit.o(.ARM.Collect$$libinit$$00000000) refers (Special) to libinit2.o(.ARM.Collect$$libinit$$0000000C) for __rt_lib_init_rand_1
    libinit.o(.ARM.Collect$$libinit$$00000000) refers (Special) to libinit2.o(.ARM.Collect$$libinit$$00000031) for __rt_lib_init_return
    libinit.o(.ARM.Collect$$libinit$$00000000) refers (Special) to libinit2.o(.ARM.Collect$$libinit$$0000001B) for __rt_lib_init_signal_1
    libinit.o(.ARM.Collect$$libinit$$00000000) refers (Special) to libinit2.o(.ARM.Collect$$libinit$$00000023) for __rt_lib_init_stdio_1
    libinit.o(.ARM.Collect$$libinit$$00000000) refers (Special) to libinit2.o(.ARM.Collect$$libinit$$0000000A) for __rt_lib_init_user_alloc_1
    libspace.o(.text) refers to libspace.o(.bss) for __libspace_start
    rtexit.o(.ARM.Collect$$rtexit$$00000000) refers (Special) to rtexit2.o(.ARM.Collect$$rtexit$$00000004) for __rt_exit_exit
    rtexit.o(.ARM.Collect$$rtexit$$00000000) refers (Special) to rtexit2.o(.ARM.Collect$$rtexit$$00000003) for __rt_exit_ls
    rtexit.o(.ARM.Collect$$rtexit$$00000000) refers (Special) to rtexit2.o(.ARM.Collect$$rtexit$$00000002) for __rt_exit_prels_1
    rtexit.o(.ARM.exidx) refers (Special) to rtexit2.o(.ARM.Collect$$rtexit$$00000004) for __rt_exit_exit
    rtexit.o(.ARM.exidx) refers (Special) to rtexit2.o(.ARM.Collect$$rtexit$$00000003) for __rt_exit_ls
    rtexit.o(.ARM.exidx) refers (Special) to rtexit2.o(.ARM.Collect$$rtexit$$00000002) for __rt_exit_prels_1
    rtexit.o(.ARM.exidx) refers to rtexit.o(.ARM.Collect$$rtexit$$00000000) for .ARM.Collect$$rtexit$$00000000
    libinit2.o(.ARM.Collect$$libinit$$0000000E) refers to libinit2.o(.ARM.Collect$$libinit$$0000000D) for .ARM.Collect$$libinit$$0000000D
    libinit2.o(.ARM.Collect$$libinit$$00000010) refers to libinit2.o(.ARM.Collect$$libinit$$0000000D) for .ARM.Collect$$libinit$$0000000D
    libinit2.o(.ARM.Collect$$libinit$$00000012) refers to libinit2.o(.ARM.Collect$$libinit$$0000000D) for .ARM.Collect$$libinit$$0000000D
    libinit2.o(.ARM.Collect$$libinit$$00000014) refers to libinit2.o(.ARM.Collect$$libinit$$0000000D) for .ARM.Collect$$libinit$$0000000D
    libinit2.o(.ARM.Collect$$libinit$$00000016) refers to libinit2.o(.ARM.Collect$$libinit$$0000000D) for .ARM.Collect$$libinit$$0000000D
    libinit2.o(.ARM.Collect$$libinit$$00000024) refers to argv_veneer.o(.emb_text) for __ARM_argv_veneer
    libinit2.o(.ARM.Collect$$libinit$$00000025) refers to argv_veneer.o(.emb_text) for __ARM_argv_veneer
    rtexit2.o(.ARM.Collect$$rtexit$$00000003) refers to libshutdown.o(.ARM.Collect$$libshutdown$$00000000) for __rt_lib_shutdown
    rtexit2.o(.ARM.Collect$$rtexit$$00000004) refers to sys_exit.o(.text) for _sys_exit
    rtexit2.o(.ARM.exidx) refers to rtexit2.o(.ARM.Collect$$rtexit$$00000001) for .ARM.Collect$$rtexit$$00000001
    rtexit2.o(.ARM.exidx) refers to rtexit2.o(.ARM.Collect$$rtexit$$00000003) for .ARM.Collect$$rtexit$$00000003
    rtexit2.o(.ARM.exidx) refers to rtexit2.o(.ARM.Collect$$rtexit$$00000004) for .ARM.Collect$$rtexit$$00000004
    argv_veneer.o(.emb_text) refers to no_argv.o(.text) for __ARM_get_argv
    sys_exit.o(.text) refers (Special) to use_no_semi.o(.text) for __I$use$semihosting
    sys_exit.o(.text) refers (Special) to indicate_semi.o(.text) for __semihosting_library_function
    _get_argv_nomalloc.o(.text) refers (Special) to hrguard.o(.text) for __heap_region$guard
    _get_argv_nomalloc.o(.text) refers to defsig_rtmem_outer.o(.text) for __rt_SIGRTMEM
    _get_argv_nomalloc.o(.text) refers to sys_command.o(.text) for _sys_command_string
    libshutdown.o(.ARM.Collect$$libshutdown$$00000000) refers (Special) to libshutdown2.o(.ARM.Collect$$libshutdown$$00000006) for __rt_lib_shutdown_fp_trap_1
    libshutdown.o(.ARM.Collect$$libshutdown$$00000000) refers (Special) to libshutdown2.o(.ARM.Collect$$libshutdown$$0000000E) for __rt_lib_shutdown_heap_1
    libshutdown.o(.ARM.Collect$$libshutdown$$00000000) refers (Special) to libshutdown2.o(.ARM.Collect$$libshutdown$$0000000F) for __rt_lib_shutdown_return
    libshutdown.o(.ARM.Collect$$libshutdown$$00000000) refers (Special) to libshutdown2.o(.ARM.Collect$$libshutdown$$00000009) for __rt_lib_shutdown_signal_1
    libshutdown.o(.ARM.Collect$$libshutdown$$00000000) refers (Special) to libshutdown2.o(.ARM.Collect$$libshutdown$$00000003) for __rt_lib_shutdown_stdio_1
    libshutdown.o(.ARM.Collect$$libshutdown$$00000000) refers (Special) to libshutdown2.o(.ARM.Collect$$libshutdown$$0000000B) for __rt_lib_shutdown_user_alloc_1
    sys_command.o(.text) refers (Special) to use_no_semi.o(.text) for __I$use$semihosting
    sys_command.o(.text) refers (Special) to indicate_semi.o(.text) for __semihosting_library_function
    defsig_rtmem_outer.o(.text) refers to defsig_rtmem_inner.o(.text) for __rt_SIGRTMEM_inner
    defsig_rtmem_outer.o(.text) refers to defsig_exit.o(.text) for __sig_exit
    defsig_rtmem_formal.o(.text) refers to rt_raise.o(.text) for __rt_raise
    rt_raise.o(.text) refers to __raise.o(.text) for __raise
    rt_raise.o(.text) refers to sys_exit.o(.text) for _sys_exit
    defsig_exit.o(.text) refers to sys_exit.o(.text) for _sys_exit
    defsig_rtmem_inner.o(.text) refers to defsig_general.o(.text) for __default_signal_display
    __raise.o(.text) refers to defsig.o(CL$$defsig) for __default_signal_handler
    defsig_general.o(.text) refers to sys_wrch.o(.text) for _ttywrch
    sys_wrch.o(.text) refers (Special) to use_no_semi.o(.text) for __I$use$semihosting
    sys_wrch.o(.text) refers (Special) to indicate_semi.o(.text) for __semihosting_library_function
    defsig.o(CL$$defsig) refers to defsig_rtmem_inner.o(.text) for __rt_SIGRTMEM_inner
    defsig_abrt_inner.o(.text) refers to defsig_general.o(.text) for __default_signal_display
    defsig_fpe_inner.o(.text) refers to defsig_general.o(.text) for __default_signal_display
    defsig_rtred_inner.o(.text) refers to defsig_general.o(.text) for __default_signal_display
    defsig_stak_inner.o(.text) refers to defsig_general.o(.text) for __default_signal_display
    defsig_pvfn_inner.o(.text) refers to defsig_general.o(.text) for __default_signal_display
    defsig_cppl_inner.o(.text) refers to defsig_general.o(.text) for __default_signal_display
    defsig_segv_inner.o(.text) refers to defsig_general.o(.text) for __default_signal_display
    defsig_other.o(.text) refers to defsig_general.o(.text) for __default_signal_display


==============================================================================

Removing Unused input sections from the image.

    Removing nokia5110.o(i.Nokia5110_ClearPixel), (68 bytes).
    Removing nokia5110.o(i.Nokia5110_OutUDec), (412 bytes).
    Removing nokia5110.o(i.Nokia5110_SetPixel), (68 bytes).
    Removing texas.o(i.SetMode), (24 bytes).
    Removing texas.o(i.StartTimer4), (36 bytes).
    Removing texas.o(i.StopTimer4), (24 bytes).
    Removing texas.o(i.TExaS_Stop), (28 bytes).
    Removing texas.o(i.UART0_InChar), (24 bytes).
    Removing texas.o(i.UART0_InCharNonBlocking), (28 bytes).
    Removing texas.o(i.UART0_OutChar), (24 bytes).
    Removing texas.o(i.UART0_OutCharNonBlock), (12 bytes).
    Removing texas.o(i.copy), (18 bytes).
    Removing sound.o(i.Sound_Fastinvader1), (20 bytes).
    Removing sound.o(i.Sound_Fastinvader2), (20 bytes).
    Removing sound.o(i.Sound_Fastinvader3), (20 bytes).
    Removing sound.o(i.Sound_Fastinvader4), (20 bytes).

16 unused section(s) (total 846 bytes) removed from the image.

==============================================================================

Image Symbol Table

    Local Symbols

    Symbol Name                              Value     Ov Type        Size  Object(Section)

    RESET                                    0x00000000   Section      644  startup.o(RESET)
    ../clib/angel/boardlib.s                 0x00000000   Number         0  boardinit3.o ABSOLUTE
    ../clib/angel/boardlib.s                 0x00000000   Number         0  boardinit2.o ABSOLUTE
    ../clib/angel/boardlib.s                 0x00000000   Number         0  boardshut.o ABSOLUTE
    ../clib/angel/boardlib.s                 0x00000000   Number         0  boardinit1.o ABSOLUTE
    ../clib/angel/handlers.s                 0x00000000   Number         0  __scatter_zi.o ABSOLUTE
    ../clib/angel/handlers.s                 0x00000000   Number         0  __scatter_copy.o ABSOLUTE
    ../clib/angel/kernel.s                   0x00000000   Number         0  rtentry.o ABSOLUTE
    ../clib/angel/kernel.s                   0x00000000   Number         0  rtexit2.o ABSOLUTE
    ../clib/angel/kernel.s                   0x00000000   Number         0  rtentry4.o ABSOLUTE
    ../clib/angel/kernel.s                   0x00000000   Number         0  rtexit.o ABSOLUTE
    ../clib/angel/kernel.s                   0x00000000   Number         0  rtentry2.o ABSOLUTE
    ../clib/angel/rt.s                       0x00000000   Number         0  rt_raise.o ABSOLUTE
    ../clib/angel/scatter.s                  0x00000000   Number         0  __scatter.o ABSOLUTE
    ../clib/angel/startup.s                  0x00000000   Number         0  __main.o ABSOLUTE
    ../clib/angel/sys.s                      0x00000000   Number         0  libspace.o ABSOLUTE
    ../clib/angel/sys.s                      0x00000000   Number         0  use_no_semi.o ABSOLUTE
    ../clib/angel/sys.s                      0x00000000   Number         0  indicate_semi.o ABSOLUTE
    ../clib/angel/sys.s                      0x00000000   Number         0  sys_stackheap_outer.o ABSOLUTE
    ../clib/angel/sysapp.c                   0x00000000   Number         0  sys_command.o ABSOLUTE
    ../clib/angel/sysapp.c                   0x00000000   Number         0  sys_exit.o ABSOLUTE
    ../clib/angel/sysapp.c                   0x00000000   Number         0  sys_wrch.o ABSOLUTE
    ../clib/armsys.c                         0x00000000   Number         0  argv_veneer.o ABSOLUTE
    ../clib/armsys.c                         0x00000000   Number         0  argv_veneer.o ABSOLUTE
    ../clib/armsys.c                         0x00000000   Number         0  no_argv.o ABSOLUTE
    ../clib/armsys.c                         0x00000000   Number         0  _get_argv_nomalloc.o ABSOLUTE
    ../clib/heapalloc.c                      0x00000000   Number         0  hrguard.o ABSOLUTE
    ../clib/heapaux.c                        0x00000000   Number         0  heapauxi.o ABSOLUTE
    ../clib/libinit.s                        0x00000000   Number         0  libshutdown.o ABSOLUTE
    ../clib/libinit.s                        0x00000000   Number         0  libshutdown2.o ABSOLUTE
    ../clib/libinit.s                        0x00000000   Number         0  libinit2.o ABSOLUTE
    ../clib/libinit.s                        0x00000000   Number         0  libinit.o ABSOLUTE
    ../clib/signal.c                         0x00000000   Number         0  defsig_segv_inner.o ABSOLUTE
    ../clib/signal.c                         0x00000000   Number         0  defsig_exit.o ABSOLUTE
    ../clib/signal.c                         0x00000000   Number         0  defsig_pvfn_inner.o ABSOLUTE
    ../clib/signal.c                         0x00000000   Number         0  defsig_stak_inner.o ABSOLUTE
    ../clib/signal.c                         0x00000000   Number         0  defsig_rtred_inner.o ABSOLUTE
    ../clib/signal.c                         0x00000000   Number         0  defsig_fpe_inner.o ABSOLUTE
    ../clib/signal.c                         0x00000000   Number         0  defsig_abrt_inner.o ABSOLUTE
    ../clib/signal.c                         0x00000000   Number         0  defsig_rtmem_outer.o ABSOLUTE
    ../clib/signal.c                         0x00000000   Number         0  defsig_other.o ABSOLUTE
    ../clib/signal.c                         0x00000000   Number         0  __raise.o ABSOLUTE
    ../clib/signal.c                         0x00000000   Number         0  defsig_cppl_inner.o ABSOLUTE
    ../clib/signal.c                         0x00000000   Number         0  defsig_rtmem_formal.o ABSOLUTE
    ../clib/signal.c                         0x00000000   Number         0  defsig_rtmem_inner.o ABSOLUTE
    ../clib/signal.c                         0x00000000   Number         0  defsig_general.o ABSOLUTE
    ../clib/signal.s                         0x00000000   Number         0  defsig.o ABSOLUTE
    ../clib/stdlib.c                         0x00000000   Number         0  exit.o ABSOLUTE
    ../fplib/daddsub.s                       0x00000000   Number         0  daddsub_clz.o ABSOLUTE
    ../fplib/dfixu.s                         0x00000000   Number         0  dfixu.o ABSOLUTE
    ../fplib/dflt.s                          0x00000000   Number         0  dflt_clz.o ABSOLUTE
    ../fplib/dmul.s                          0x00000000   Number         0  dmul.o ABSOLUTE
    ../fplib/dnaninf.s                       0x00000000   Number         0  dnaninf.o ABSOLUTE
    ../fplib/dretinf.s                       0x00000000   Number         0  dretinf.o ABSOLUTE
    ../fplib/fpinit.s                        0x00000000   Number         0  fpinit.o ABSOLUTE
    ../fplib/usenofp.s                       0x00000000   Number         0  usenofp.o ABSOLUTE
    Nokia5110.c                              0x00000000   Number         0  nokia5110.o ABSOLUTE
    Sound.c                                  0x00000000   Number         0  sound.o ABSOLUTE
    SpaceInvaders.c                          0x00000000   Number         0  spaceinvaders.o ABSOLUTE
    TExaS.c                                  0x00000000   Number         0  texas.o ABSOLUTE
    dc.s                                     0x00000000   Number         0  dc.o ABSOLUTE
    random.s                                 0x00000000   Number         0  random.o ABSOLUTE
    startup.s                                0x00000000   Number         0  startup.o ABSOLUTE
    !!!main                                  0x00000284   Section        8  __main.o(!!!main)
    !!!scatter                               0x0000028c   Section       52  __scatter.o(!!!scatter)
    !!handler_copy                           0x000002c0   Section       26  __scatter_copy.o(!!handler_copy)
    !!handler_zi                             0x000002dc   Section       28  __scatter_zi.o(!!handler_zi)
    .ARM.Collect$$libinit$$00000000          0x000002f8   Section        2  libinit.o(.ARM.Collect$$libinit$$00000000)
    .ARM.Collect$$libinit$$00000002          0x000002fa   Section        0  libinit2.o(.ARM.Collect$$libinit$$00000002)
    .ARM.Collect$$libinit$$00000008          0x000002fa   Section        0  libinit2.o(.ARM.Collect$$libinit$$00000008)
    .ARM.Collect$$libinit$$0000000A          0x000002fa   Section        0  libinit2.o(.ARM.Collect$$libinit$$0000000A)
    .ARM.Collect$$libinit$$0000000C          0x000002fa   Section        0  libinit2.o(.ARM.Collect$$libinit$$0000000C)
    .ARM.Collect$$libinit$$0000000F          0x000002fa   Section        0  libinit2.o(.ARM.Collect$$libinit$$0000000F)
    .ARM.Collect$$libinit$$00000011          0x000002fa   Section        0  libinit2.o(.ARM.Collect$$libinit$$00000011)
    .ARM.Collect$$libinit$$00000013          0x000002fa   Section        0  libinit2.o(.ARM.Collect$$libinit$$00000013)
    .ARM.Collect$$libinit$$00000015          0x000002fa   Section        0  libinit2.o(.ARM.Collect$$libinit$$00000015)
    .ARM.Collect$$libinit$$00000017          0x000002fa   Section        0  libinit2.o(.ARM.Collect$$libinit$$00000017)
    .ARM.Collect$$libinit$$00000019          0x000002fa   Section        0  libinit2.o(.ARM.Collect$$libinit$$00000019)
    .ARM.Collect$$libinit$$0000001B          0x000002fa   Section        0  libinit2.o(.ARM.Collect$$libinit$$0000001B)
    .ARM.Collect$$libinit$$0000001D          0x000002fa   Section        0  libinit2.o(.ARM.Collect$$libinit$$0000001D)
    .ARM.Collect$$libinit$$0000001F          0x000002fa   Section        0  libinit2.o(.ARM.Collect$$libinit$$0000001F)
    .ARM.Collect$$libinit$$00000021          0x000002fa   Section        0  libinit2.o(.ARM.Collect$$libinit$$00000021)
    .ARM.Collect$$libinit$$00000023          0x000002fa   Section        0  libinit2.o(.ARM.Collect$$libinit$$00000023)
    .ARM.Collect$$libinit$$0000002A          0x000002fa   Section        0  libinit2.o(.ARM.Collect$$libinit$$0000002A)
    .ARM.Collect$$libinit$$0000002C          0x000002fa   Section        0  libinit2.o(.ARM.Collect$$libinit$$0000002C)
    .ARM.Collect$$libinit$$0000002E          0x000002fa   Section        0  libinit2.o(.ARM.Collect$$libinit$$0000002E)
    .ARM.Collect$$libinit$$00000030          0x000002fa   Section        0  libinit2.o(.ARM.Collect$$libinit$$00000030)
    .ARM.Collect$$libinit$$00000031          0x000002fa   Section        2  libinit2.o(.ARM.Collect$$libinit$$00000031)
    .ARM.Collect$$libshutdown$$00000000      0x000002fc   Section        2  libshutdown.o(.ARM.Collect$$libshutdown$$00000000)
    .ARM.Collect$$libshutdown$$00000003      0x000002fe   Section        0  libshutdown2.o(.ARM.Collect$$libshutdown$$00000003)
    .ARM.Collect$$libshutdown$$00000006      0x000002fe   Section        0  libshutdown2.o(.ARM.Collect$$libshutdown$$00000006)
    .ARM.Collect$$libshutdown$$00000009      0x000002fe   Section        0  libshutdown2.o(.ARM.Collect$$libshutdown$$00000009)
    .ARM.Collect$$libshutdown$$0000000B      0x000002fe   Section        0  libshutdown2.o(.ARM.Collect$$libshutdown$$0000000B)
    .ARM.Collect$$libshutdown$$0000000E      0x000002fe   Section        0  libshutdown2.o(.ARM.Collect$$libshutdown$$0000000E)
    .ARM.Collect$$libshutdown$$0000000F      0x000002fe   Section        2  libshutdown2.o(.ARM.Collect$$libshutdown$$0000000F)
    .ARM.Collect$$rtentry$$00000000          0x00000300   Section        0  rtentry.o(.ARM.Collect$$rtentry$$00000000)
    .ARM.Collect$$rtentry$$00000002          0x00000300   Section        0  rtentry2.o(.ARM.Collect$$rtentry$$00000002)
    .ARM.Collect$$rtentry$$00000004          0x00000300   Section        6  rtentry4.o(.ARM.Collect$$rtentry$$00000004)
    .ARM.Collect$$rtentry$$00000009          0x00000306   Section        0  rtentry2.o(.ARM.Collect$$rtentry$$00000009)
    .ARM.Collect$$rtentry$$0000000A          0x00000306   Section        4  rtentry2.o(.ARM.Collect$$rtentry$$0000000A)
    .ARM.Collect$$rtentry$$0000000C          0x0000030a   Section        0  rtentry2.o(.ARM.Collect$$rtentry$$0000000C)
    .ARM.Collect$$rtentry$$0000000D          0x0000030a   Section        8  rtentry2.o(.ARM.Collect$$rtentry$$0000000D)
    .ARM.Collect$$rtexit$$00000000           0x00000312   Section        2  rtexit.o(.ARM.Collect$$rtexit$$00000000)
    .ARM.Collect$$rtexit$$00000002           0x00000314   Section        0  rtexit2.o(.ARM.Collect$$rtexit$$00000002)
    .ARM.Collect$$rtexit$$00000003           0x00000314   Section        4  rtexit2.o(.ARM.Collect$$rtexit$$00000003)
    .ARM.Collect$$rtexit$$00000004           0x00000318   Section        6  rtexit2.o(.ARM.Collect$$rtexit$$00000004)
    .text                                    0x00000320   Section       48  startup.o(.text)
    .text                                    0x00000350   Section       60  random.o(.text)
    .text                                    0x0000038c   Section        0  heapauxi.o(.text)
    .text                                    0x00000392   Section       74  sys_stackheap_outer.o(.text)
    .text                                    0x000003dc   Section        0  exit.o(.text)
    .text                                    0x000003e8   Section        8  libspace.o(.text)
    .text                                    0x000003f0   Section        0  sys_exit.o(.text)
    .text                                    0x000003fc   Section        2  use_no_semi.o(.text)
    .text                                    0x000003fe   Section        0  indicate_semi.o(.text)
    i.ADC0_In                                0x00000400   Section        0  spaceinvaders.o(i.ADC0_In)
    i.ADC0_Init                              0x0000042c   Section        0  spaceinvaders.o(i.ADC0_Init)
    i.ADC1_In                                0x00000508   Section        0  texas.o(i.ADC1_In)
    i.ADC1_Init                              0x00000514   Section        0  texas.o(i.ADC1_Init)
    i.Convert                                0x000005e8   Section        0  spaceinvaders.o(i.Convert)
    i.DAC_Init                               0x00000640   Section        0  sound.o(i.DAC_Init)
    i.DAC_Out                                0x000006bc   Section        0  sound.o(i.DAC_Out)
    i.Delay100ms                             0x000006c8   Section        0  spaceinvaders.o(i.Delay100ms)
    i.Draw                                   0x000006ec   Section        0  spaceinvaders.o(i.Draw)
    i.GIPO_Init                              0x00000a2c   Section        0  spaceinvaders.o(i.GIPO_Init)
    i.Init                                   0x00000a9c   Section        0  spaceinvaders.o(i.Init)
    i.Move                                   0x00000b5c   Section        0  spaceinvaders.o(i.Move)
    i.Nokia5110_Clear                        0x00000c6c   Section        0  nokia5110.o(i.Nokia5110_Clear)
    i.Nokia5110_ClearBuffer                  0x00000c8c   Section        0  nokia5110.o(i.Nokia5110_ClearBuffer)
    i.Nokia5110_DisplayBuffer                0x00000ca4   Section        0  nokia5110.o(i.Nokia5110_DisplayBuffer)
    i.Nokia5110_DrawFullImage                0x00000cb4   Section        0  nokia5110.o(i.Nokia5110_DrawFullImage)
    i.Nokia5110_Init                         0x00000cd8   Section        0  nokia5110.o(i.Nokia5110_Init)
    i.Nokia5110_OutChar                      0x00000e44   Section        0  nokia5110.o(i.Nokia5110_OutChar)
    i.Nokia5110_OutString                    0x00000e7c   Section        0  nokia5110.o(i.Nokia5110_OutString)
    i.Nokia5110_PrintBMP                     0x00000e94   Section        0  nokia5110.o(i.Nokia5110_PrintBMP)
    i.Nokia5110_SetCursor                    0x0000103c   Section        0  nokia5110.o(i.Nokia5110_SetCursor)
    i.PLL_Init                               0x0000106c   Section        0  texas.o(i.PLL_Init)
    i.Play                                   0x000010e8   Section        0  sound.o(i.Play)
    i.SetCode                                0x00001130   Section        0  texas.o(i.SetCode)
    i.SetCourse                              0x00001148   Section        0  texas.o(i.SetCourse)
    i.Sound_Explosion                        0x00001160   Section        0  sound.o(i.Sound_Explosion)
    i.Sound_Highpitch                        0x00001174   Section        0  sound.o(i.Sound_Highpitch)
    i.Sound_Init                             0x00001188   Section        0  sound.o(i.Sound_Init)
    i.Sound_Killed                           0x000011b0   Section        0  sound.o(i.Sound_Killed)
    i.Sound_Play                             0x000011c4   Section        0  sound.o(i.Sound_Play)
    i.Sound_Shoot                            0x000011f8   Section        0  sound.o(i.Sound_Shoot)
    i.SysTick_Handler                        0x0000120c   Section        0  spaceinvaders.o(i.SysTick_Handler)
    i.SysTick_Init                           0x00001378   Section        0  spaceinvaders.o(i.SysTick_Init)
    i.TExaS_Init                             0x000013a8   Section        0  texas.o(i.TExaS_Init)
    i.Timer0A_Handler                        0x0000156c   Section        0  sound.o(i.Timer0A_Handler)
    i.Timer0_Init                            0x00001584   Section        0  sound.o(i.Timer0_Init)
    i.Timer2A_Handler                        0x0000160c   Section        0  spaceinvaders.o(i.Timer2A_Handler)
    i.Timer2_Init                            0x00001628   Section        0  spaceinvaders.o(i.Timer2_Init)
    i.Timer4A_Handler                        0x00001698   Section        0  texas.o(i.Timer4A_Handler)
    i.Timer5A_Handler                        0x000016b8   Section        0  texas.o(i.Timer5A_Handler)
    i.UART0_Init                             0x000016e8   Section        0  texas.o(i.UART0_Init)
    i.fail                                   0x000017a8   Section        0  spaceinvaders.o(i.fail)
    i.lcdwrite                               0x000017fc   Section        0  nokia5110.o(i.lcdwrite)
    lcdwrite                                 0x000017fd   Thumb Code    66  nokia5110.o(i.lcdwrite)
    i.main                                   0x00001848   Section        0  spaceinvaders.o(i.main)
    i.pass                                   0x000019b0   Section        0  spaceinvaders.o(i.pass)
    i.starting                               0x00001a04   Section        0  spaceinvaders.o(i.starting)
    x$fpl$dadd                               0x00001a54   Section      336  daddsub_clz.o(x$fpl$dadd)
    _dadd1                                   0x00001a65   Thumb Code     0  daddsub_clz.o(x$fpl$dadd)
    x$fpl$dfixu                              0x00001ba4   Section       90  dfixu.o(x$fpl$dfixu)
    x$fpl$dfltu                              0x00001bfe   Section       38  dflt_clz.o(x$fpl$dfltu)
    x$fpl$dmul                               0x00001c24   Section      340  dmul.o(x$fpl$dmul)
    x$fpl$dnaninf                            0x00001d78   Section      156  dnaninf.o(x$fpl$dnaninf)
    x$fpl$dretinf                            0x00001e14   Section       12  dretinf.o(x$fpl$dretinf)
    x$fpl$dsub                               0x00001e20   Section      468  daddsub_clz.o(x$fpl$dsub)
    _dsub1                                   0x00001e31   Thumb Code     0  daddsub_clz.o(x$fpl$dsub)
    .constdata                               0x00001ff4   Section      480  nokia5110.o(.constdata)
    x$fpl$usenofp                            0x00001ff4   Section        0  usenofp.o(x$fpl$usenofp)
    ASCII                                    0x00001ff4   Data         480  nokia5110.o(.constdata)
    .constdata                               0x000021d4   Section     4411  spaceinvaders.o(.constdata)
    ASCII                                    0x000021d4   Data         480  spaceinvaders.o(.constdata)
    .constdata                               0x0000330f   Section      360  texas.o(.constdata)
    .constdata                               0x00003477   Section    15435  sound.o(.constdata)
    .data                                    0x20000000   Section       44  spaceinvaders.o(.data)
    .data                                    0x2000002c   Section       52  texas.o(.data)
    .data                                    0x20000060   Section       16  sound.o(.data)
    DATA                                     0x20000070   Section        4  random.o(DATA)
    M                                        0x20000070   Data           4  random.o(DATA)
    .bss                                     0x20000074   Section      504  nokia5110.o(.bss)
    .bss                                     0x2000026c   Section      320  spaceinvaders.o(.bss)
    .bss                                     0x200003b0   Section       56  texas.o(.bss)
    .bss                                     0x200003e8   Section       96  libspace.o(.bss)
    HEAP                                     0x20000448   Section        0  startup.o(HEAP)
    STACK                                    0x20000448   Section     1024  startup.o(STACK)
    HeapMem                                  0x20000448   Data           0  startup.o(HEAP)
    StackMem                                 0x20000448   Data           0  startup.o(STACK)

    Global Symbols

    Symbol Name                              Value     Ov Type        Size  Object(Section)

    BuildAttributes$$THM_ISAv4$E$P$D$K$B$S$7EM$PE$A:L22UL41UL21$X:L11$S22US41US21$IEEE1$IW$USESV6$~STKCKD$USESV7$~SHL$OSPACE$ROPI$EBA8$UX$STANDARDLIB$REQ8$PRES8$EABIv2 0x00000000   Number         0  anon$$obj.o ABSOLUTE
    __ARM_use_no_argv                        0x00000000   Number         0  spaceinvaders.o ABSOLUTE
    __Vectors                                0x00000000   Data           0  startup.o(RESET)
    __ARM_exceptions_init                     - Undefined Weak Reference
    __alloca_initialize                       - Undefined Weak Reference
    __cpp_initialize__aeabi_                  - Undefined Weak Reference
    __cxa_finalize                            - Undefined Weak Reference
    __rt_locale                               - Undefined Weak Reference
    __sigvec_lookup                           - Undefined Weak Reference
    _atexit_init                              - Undefined Weak Reference
    _call_atexit_fns                          - Undefined Weak Reference
    _clock_init                               - Undefined Weak Reference
    _fp_trap_init                             - Undefined Weak Reference
    _fp_trap_shutdown                         - Undefined Weak Reference
    _get_lc_collate                           - Undefined Weak Reference
    _get_lc_ctype                             - Undefined Weak Reference
    _get_lc_monetary                          - Undefined Weak Reference
    _get_lc_numeric                           - Undefined Weak Reference
    _get_lc_time                              - Undefined Weak Reference
    _getenv_init                              - Undefined Weak Reference
    _handle_redirection                       - Undefined Weak Reference
    _init_alloc                               - Undefined Weak Reference
    _init_user_alloc                          - Undefined Weak Reference
    _initio                                   - Undefined Weak Reference
    _rand_init                                - Undefined Weak Reference
    _signal_finish                            - Undefined Weak Reference
    _signal_init                              - Undefined Weak Reference
    _terminate_alloc                          - Undefined Weak Reference
    _terminate_user_alloc                     - Undefined Weak Reference
    _terminateio                              - Undefined Weak Reference
    Reset_Handler                            0x0000026d   Thumb Code     0  startup.o(RESET)
    NMI_Handler                              0x00000271   Thumb Code     2  startup.o(RESET)
    HardFault_Handler                        0x00000273   Thumb Code     2  startup.o(RESET)
    MemManage_Handler                        0x00000275   Thumb Code     2  startup.o(RESET)
    BusFault_Handler                         0x00000277   Thumb Code     2  startup.o(RESET)
    UsageFault_Handler                       0x00000279   Thumb Code     2  startup.o(RESET)
    SVC_Handler                              0x0000027b   Thumb Code     2  startup.o(RESET)
    DebugMon_Handler                         0x0000027d   Thumb Code     2  startup.o(RESET)
    PendSV_Handler                           0x0000027f   Thumb Code     2  startup.o(RESET)
    ADC0Seq0_Handler                         0x00000283   Thumb Code     0  startup.o(RESET)
    ADC0Seq1_Handler                         0x00000283   Thumb Code     0  startup.o(RESET)
    ADC0Seq2_Handler                         0x00000283   Thumb Code     0  startup.o(RESET)
    ADC0Seq3_Handler                         0x00000283   Thumb Code     0  startup.o(RESET)
    ADC1Seq0_Handler                         0x00000283   Thumb Code     0  startup.o(RESET)
    ADC1Seq1_Handler                         0x00000283   Thumb Code     0  startup.o(RESET)
    ADC1Seq2_Handler                         0x00000283   Thumb Code     0  startup.o(RESET)
    ADC1Seq3_Handler                         0x00000283   Thumb Code     0  startup.o(RESET)
    CAN0_Handler                             0x00000283   Thumb Code     0  startup.o(RESET)
    CAN1_Handler                             0x00000283   Thumb Code     0  startup.o(RESET)
    CAN2_Handler                             0x00000283   Thumb Code     0  startup.o(RESET)
    Comp0_Handler                            0x00000283   Thumb Code     0  startup.o(RESET)
    Comp1_Handler                            0x00000283   Thumb Code     0  startup.o(RESET)
    Comp2_Handler                            0x00000283   Thumb Code     0  startup.o(RESET)
    Ethernet_Handler                         0x00000283   Thumb Code     0  startup.o(RESET)
    ExtBus_Handler                           0x00000283   Thumb Code     0  startup.o(RESET)
    FPU_Handler                              0x00000283   Thumb Code     0  startup.o(RESET)
    Fan0_Handler                             0x00000283   Thumb Code     0  startup.o(RESET)
    FlashCtl_Handler                         0x00000283   Thumb Code     0  startup.o(RESET)
    GPIOPortA_Handler                        0x00000283   Thumb Code     0  startup.o(RESET)
    GPIOPortB_Handler                        0x00000283   Thumb Code     0  startup.o(RESET)
    GPIOPortC_Handler                        0x00000283   Thumb Code     0  startup.o(RESET)
    GPIOPortD_Handler                        0x00000283   Thumb Code     0  startup.o(RESET)
    GPIOPortE_Handler                        0x00000283   Thumb Code     0  startup.o(RESET)
    GPIOPortF_Handler                        0x00000283   Thumb Code     0  startup.o(RESET)
    GPIOPortG_Handler                        0x00000283   Thumb Code     0  startup.o(RESET)
    GPIOPortH_Handler                        0x00000283   Thumb Code     0  startup.o(RESET)
    GPIOPortJ_Handler                        0x00000283   Thumb Code     0  startup.o(RESET)
    GPIOPortK_Handler                        0x00000283   Thumb Code     0  startup.o(RESET)
    GPIOPortL_Handler                        0x00000283   Thumb Code     0  startup.o(RESET)
    GPIOPortM_Handler                        0x00000283   Thumb Code     0  startup.o(RESET)
    GPIOPortN_Handler                        0x00000283   Thumb Code     0  startup.o(RESET)
    GPIOPortP1_Handler                       0x00000283   Thumb Code     0  startup.o(RESET)
    GPIOPortP2_Handler                       0x00000283   Thumb Code     0  startup.o(RESET)
    GPIOPortP3_Handler                       0x00000283   Thumb Code     0  startup.o(RESET)
    GPIOPortP4_Handler                       0x00000283   Thumb Code     0  startup.o(RESET)
    GPIOPortP5_Handler                       0x00000283   Thumb Code     0  startup.o(RESET)
    GPIOPortP6_Handler                       0x00000283   Thumb Code     0  startup.o(RESET)
    GPIOPortP7_Handler                       0x00000283   Thumb Code     0  startup.o(RESET)
    GPIOPortP_Handler                        0x00000283   Thumb Code     0  startup.o(RESET)
    GPIOPortQ1_Handler                       0x00000283   Thumb Code     0  startup.o(RESET)
    GPIOPortQ2_Handler                       0x00000283   Thumb Code     0  startup.o(RESET)
    GPIOPortQ3_Handler                       0x00000283   Thumb Code     0  startup.o(RESET)
    GPIOPortQ4_Handler                       0x00000283   Thumb Code     0  startup.o(RESET)
    GPIOPortQ5_Handler                       0x00000283   Thumb Code     0  startup.o(RESET)
    GPIOPortQ6_Handler                       0x00000283   Thumb Code     0  startup.o(RESET)
    GPIOPortQ7_Handler                       0x00000283   Thumb Code     0  startup.o(RESET)
    GPIOPortQ_Handler                        0x00000283   Thumb Code     0  startup.o(RESET)
    GPIOPortR_Handler                        0x00000283   Thumb Code     0  startup.o(RESET)
    GPIOPortS_Handler                        0x00000283   Thumb Code     0  startup.o(RESET)
    Hibernate_Handler                        0x00000283   Thumb Code     0  startup.o(RESET)
    I2C0_Handler                             0x00000283   Thumb Code     0  startup.o(RESET)
    I2C1_Handler                             0x00000283   Thumb Code     0  startup.o(RESET)
    I2C2_Handler                             0x00000283   Thumb Code     0  startup.o(RESET)
    I2C3_Handler                             0x00000283   Thumb Code     0  startup.o(RESET)
    I2C4_Handler                             0x00000283   Thumb Code     0  startup.o(RESET)
    I2C5_Handler                             0x00000283   Thumb Code     0  startup.o(RESET)
    I2S0_Handler                             0x00000283   Thumb Code     0  startup.o(RESET)
    LPC0_Handler                             0x00000283   Thumb Code     0  startup.o(RESET)
    PECI0_Handler                            0x00000283   Thumb Code     0  startup.o(RESET)
    PWM0Fault_Handler                        0x00000283   Thumb Code     0  startup.o(RESET)
    PWM0Generator0_Handler                   0x00000283   Thumb Code     0  startup.o(RESET)
    PWM0Generator1_Handler                   0x00000283   Thumb Code     0  startup.o(RESET)
    PWM0Generator2_Handler                   0x00000283   Thumb Code     0  startup.o(RESET)
    PWM0Generator3_Handler                   0x00000283   Thumb Code     0  startup.o(RESET)
    PWM1Fault_Handler                        0x00000283   Thumb Code     0  startup.o(RESET)
    PWM1Generator0_Handler                   0x00000283   Thumb Code     0  startup.o(RESET)
    PWM1Generator1_Handler                   0x00000283   Thumb Code     0  startup.o(RESET)
    PWM1Generator2_Handler                   0x00000283   Thumb Code     0  startup.o(RESET)
    PWM1Generator3_Handler                   0x00000283   Thumb Code     0  startup.o(RESET)
    Quadrature0_Handler                      0x00000283   Thumb Code     0  startup.o(RESET)
    Quadrature1_Handler                      0x00000283   Thumb Code     0  startup.o(RESET)
    Quadrature2_Handler                      0x00000283   Thumb Code     0  startup.o(RESET)
    SSI0_Handler                             0x00000283   Thumb Code     0  startup.o(RESET)
    SSI1_Handler                             0x00000283   Thumb Code     0  startup.o(RESET)
    SSI2_Handler                             0x00000283   Thumb Code     0  startup.o(RESET)
    SSI3_Handler                             0x00000283   Thumb Code     0  startup.o(RESET)
    SysCtl_Handler                           0x00000283   Thumb Code     0  startup.o(RESET)
    Timer0B_Handler                          0x00000283   Thumb Code     0  startup.o(RESET)
    Timer1A_Handler                          0x00000283   Thumb Code     0  startup.o(RESET)
    Timer1B_Handler                          0x00000283   Thumb Code     0  startup.o(RESET)
    Timer2B_Handler                          0x00000283   Thumb Code     0  startup.o(RESET)
    Timer3A_Handler                          0x00000283   Thumb Code     0  startup.o(RESET)
    Timer3B_Handler                          0x00000283   Thumb Code     0  startup.o(RESET)
    Timer4B_Handler                          0x00000283   Thumb Code     0  startup.o(RESET)
    Timer5B_Handler                          0x00000283   Thumb Code     0  startup.o(RESET)
    UART0_Handler                            0x00000283   Thumb Code     0  startup.o(RESET)
    UART1_Handler                            0x00000283   Thumb Code     0  startup.o(RESET)
    UART2_Handler                            0x00000283   Thumb Code     0  startup.o(RESET)
    UART3_Handler                            0x00000283   Thumb Code     0  startup.o(RESET)
    UART4_Handler                            0x00000283   Thumb Code     0  startup.o(RESET)
    UART5_Handler                            0x00000283   Thumb Code     0  startup.o(RESET)
    UART6_Handler                            0x00000283   Thumb Code     0  startup.o(RESET)
    UART7_Handler                            0x00000283   Thumb Code     0  startup.o(RESET)
    USB0_Handler                             0x00000283   Thumb Code     0  startup.o(RESET)
    WDT_Handler                              0x00000283   Thumb Code     0  startup.o(RESET)
    WideTimer0A_Handler                      0x00000283   Thumb Code     0  startup.o(RESET)
    WideTimer0B_Handler                      0x00000283   Thumb Code     0  startup.o(RESET)
    WideTimer1A_Handler                      0x00000283   Thumb Code     0  startup.o(RESET)
    WideTimer1B_Handler                      0x00000283   Thumb Code     0  startup.o(RESET)
    WideTimer2A_Handler                      0x00000283   Thumb Code     0  startup.o(RESET)
    WideTimer2B_Handler                      0x00000283   Thumb Code     0  startup.o(RESET)
    WideTimer3A_Handler                      0x00000283   Thumb Code     0  startup.o(RESET)
    WideTimer3B_Handler                      0x00000283   Thumb Code     0  startup.o(RESET)
    WideTimer4A_Handler                      0x00000283   Thumb Code     0  startup.o(RESET)
    WideTimer4B_Handler                      0x00000283   Thumb Code     0  startup.o(RESET)
    WideTimer5A_Handler                      0x00000283   Thumb Code     0  startup.o(RESET)
    WideTimer5B_Handler                      0x00000283   Thumb Code     0  startup.o(RESET)
    uDMA_Error                               0x00000283   Thumb Code     0  startup.o(RESET)
    uDMA_Handler                             0x00000283   Thumb Code     0  startup.o(RESET)
    __main                                   0x00000285   Thumb Code     8  __main.o(!!!main)
    __scatterload                            0x0000028d   Thumb Code     0  __scatter.o(!!!scatter)
    __scatterload_rt2                        0x0000028d   Thumb Code    44  __scatter.o(!!!scatter)
    __scatterload_rt2_thumb_only             0x0000028d   Thumb Code     0  __scatter.o(!!!scatter)
    __scatterload_null                       0x0000029b   Thumb Code     0  __scatter.o(!!!scatter)
    __scatterload_copy                       0x000002c1   Thumb Code    26  __scatter_copy.o(!!handler_copy)
    __scatterload_zeroinit                   0x000002dd   Thumb Code    28  __scatter_zi.o(!!handler_zi)
    __rt_lib_init                            0x000002f9   Thumb Code     0  libinit.o(.ARM.Collect$$libinit$$00000000)
    __rt_lib_init_alloca_1                   0x000002fb   Thumb Code     0  libinit2.o(.ARM.Collect$$libinit$$0000002C)
    __rt_lib_init_argv_1                     0x000002fb   Thumb Code     0  libinit2.o(.ARM.Collect$$libinit$$0000002A)
    __rt_lib_init_atexit_1                   0x000002fb   Thumb Code     0  libinit2.o(.ARM.Collect$$libinit$$00000019)
    __rt_lib_init_clock_1                    0x000002fb   Thumb Code     0  libinit2.o(.ARM.Collect$$libinit$$0000001F)
    __rt_lib_init_cpp_1                      0x000002fb   Thumb Code     0  libinit2.o(.ARM.Collect$$libinit$$00000030)
    __rt_lib_init_exceptions_1               0x000002fb   Thumb Code     0  libinit2.o(.ARM.Collect$$libinit$$0000002E)
    __rt_lib_init_fp_1                       0x000002fb   Thumb Code     0  libinit2.o(.ARM.Collect$$libinit$$00000002)
    __rt_lib_init_fp_trap_1                  0x000002fb   Thumb Code     0  libinit2.o(.ARM.Collect$$libinit$$0000001D)
    __rt_lib_init_getenv_1                   0x000002fb   Thumb Code     0  libinit2.o(.ARM.Collect$$libinit$$00000021)
    __rt_lib_init_heap_1                     0x000002fb   Thumb Code     0  libinit2.o(.ARM.Collect$$libinit$$00000008)
    __rt_lib_init_lc_collate_1               0x000002fb   Thumb Code     0  libinit2.o(.ARM.Collect$$libinit$$0000000F)
    __rt_lib_init_lc_ctype_1                 0x000002fb   Thumb Code     0  libinit2.o(.ARM.Collect$$libinit$$00000011)
    __rt_lib_init_lc_monetary_1              0x000002fb   Thumb Code     0  libinit2.o(.ARM.Collect$$libinit$$00000013)
    __rt_lib_init_lc_numeric_1               0x000002fb   Thumb Code     0  libinit2.o(.ARM.Collect$$libinit$$00000015)
    __rt_lib_init_lc_time_1                  0x000002fb   Thumb Code     0  libinit2.o(.ARM.Collect$$libinit$$00000017)
    __rt_lib_init_rand_1                     0x000002fb   Thumb Code     0  libinit2.o(.ARM.Collect$$libinit$$0000000C)
    __rt_lib_init_return                     0x000002fb   Thumb Code     0  libinit2.o(.ARM.Collect$$libinit$$00000031)
    __rt_lib_init_signal_1                   0x000002fb   Thumb Code     0  libinit2.o(.ARM.Collect$$libinit$$0000001B)
    __rt_lib_init_stdio_1                    0x000002fb   Thumb Code     0  libinit2.o(.ARM.Collect$$libinit$$00000023)
    __rt_lib_init_user_alloc_1               0x000002fb   Thumb Code     0  libinit2.o(.ARM.Collect$$libinit$$0000000A)
    __rt_lib_shutdown                        0x000002fd   Thumb Code     0  libshutdown.o(.ARM.Collect$$libshutdown$$00000000)
    __rt_lib_shutdown_fp_trap_1              0x000002ff   Thumb Code     0  libshutdown2.o(.ARM.Collect$$libshutdown$$00000006)
    __rt_lib_shutdown_heap_1                 0x000002ff   Thumb Code     0  libshutdown2.o(.ARM.Collect$$libshutdown$$0000000E)
    __rt_lib_shutdown_return                 0x000002ff   Thumb Code     0  libshutdown2.o(.ARM.Collect$$libshutdown$$0000000F)
    __rt_lib_shutdown_signal_1               0x000002ff   Thumb Code     0  libshutdown2.o(.ARM.Collect$$libshutdown$$00000009)
    __rt_lib_shutdown_stdio_1                0x000002ff   Thumb Code     0  libshutdown2.o(.ARM.Collect$$libshutdown$$00000003)
    __rt_lib_shutdown_user_alloc_1           0x000002ff   Thumb Code     0  libshutdown2.o(.ARM.Collect$$libshutdown$$0000000B)
    __rt_entry                               0x00000301   Thumb Code     0  rtentry.o(.ARM.Collect$$rtentry$$00000000)
    __rt_entry_presh_1                       0x00000301   Thumb Code     0  rtentry2.o(.ARM.Collect$$rtentry$$00000002)
    __rt_entry_sh                            0x00000301   Thumb Code     0  rtentry4.o(.ARM.Collect$$rtentry$$00000004)
    __rt_entry_li                            0x00000307   Thumb Code     0  rtentry2.o(.ARM.Collect$$rtentry$$0000000A)
    __rt_entry_postsh_1                      0x00000307   Thumb Code     0  rtentry2.o(.ARM.Collect$$rtentry$$00000009)
    __rt_entry_main                          0x0000030b   Thumb Code     0  rtentry2.o(.ARM.Collect$$rtentry$$0000000D)
    __rt_entry_postli_1                      0x0000030b   Thumb Code     0  rtentry2.o(.ARM.Collect$$rtentry$$0000000C)
    __rt_exit                                0x00000313   Thumb Code     0  rtexit.o(.ARM.Collect$$rtexit$$00000000)
    __rt_exit_ls                             0x00000315   Thumb Code     0  rtexit2.o(.ARM.Collect$$rtexit$$00000003)
    __rt_exit_prels_1                        0x00000315   Thumb Code     0  rtexit2.o(.ARM.Collect$$rtexit$$00000002)
    __rt_exit_exit                           0x00000319   Thumb Code     0  rtexit2.o(.ARM.Collect$$rtexit$$00000004)
    DisableInterrupts                        0x00000321   Thumb Code     0  startup.o(.text)
    EnableInterrupts                         0x00000325   Thumb Code     0  startup.o(.text)
    StartCritical                            0x00000329   Thumb Code     0  startup.o(.text)
    EndCritical                              0x00000331   Thumb Code     0  startup.o(.text)
    WaitForInterrupt                         0x00000337   Thumb Code     0  startup.o(.text)
    __user_initial_stackheap                 0x0000033b   Thumb Code     0  startup.o(.text)
    Random_Init                              0x00000351   Thumb Code     0  random.o(.text)
    Random32                                 0x00000357   Thumb Code     2  random.o(.text)
    Random                                   0x00000369   Thumb Code     2  random.o(.text)
    __use_two_region_memory                  0x0000038d   Thumb Code     2  heapauxi.o(.text)
    __rt_heap_escrow$2region                 0x0000038f   Thumb Code     2  heapauxi.o(.text)
    __rt_heap_expand$2region                 0x00000391   Thumb Code     2  heapauxi.o(.text)
    __user_setup_stackheap                   0x00000393   Thumb Code    74  sys_stackheap_outer.o(.text)
    exit                                     0x000003dd   Thumb Code    12  exit.o(.text)
    __user_libspace                          0x000003e9   Thumb Code     8  libspace.o(.text)
    __user_perproc_libspace                  0x000003e9   Thumb Code     0  libspace.o(.text)
    __user_perthread_libspace                0x000003e9   Thumb Code     0  libspace.o(.text)
    _sys_exit                                0x000003f1   Thumb Code     8  sys_exit.o(.text)
    __I$use$semihosting                      0x000003fd   Thumb Code     0  use_no_semi.o(.text)
    __use_no_semihosting_swi                 0x000003fd   Thumb Code     2  use_no_semi.o(.text)
    __semihosting_library_function           0x000003ff   Thumb Code     0  indicate_semi.o(.text)
    ADC0_In                                  0x00000401   Thumb Code    36  spaceinvaders.o(i.ADC0_In)
    ADC0_Init                                0x0000042d   Thumb Code   184  spaceinvaders.o(i.ADC0_Init)
    ADC1_In                                  0x00000509   Thumb Code     6  texas.o(i.ADC1_In)
    ADC1_Init                                0x00000515   Thumb Code   174  texas.o(i.ADC1_Init)
    Convert                                  0x000005e9   Thumb Code    70  spaceinvaders.o(i.Convert)
    DAC_Init                                 0x00000641   Thumb Code    96  sound.o(i.DAC_Init)
    DAC_Out                                  0x000006bd   Thumb Code     6  sound.o(i.DAC_Out)
    Delay100ms                               0x000006c9   Thumb Code    30  spaceinvaders.o(i.Delay100ms)
    Draw                                     0x000006ed   Thumb Code   790  spaceinvaders.o(i.Draw)
    GIPO_Init                                0x00000a2d   Thumb Code    80  spaceinvaders.o(i.GIPO_Init)
    Init                                     0x00000a9d   Thumb Code   154  spaceinvaders.o(i.Init)
    Move                                     0x00000b5d   Thumb Code   260  spaceinvaders.o(i.Move)
    Nokia5110_Clear                          0x00000c6d   Thumb Code    32  nokia5110.o(i.Nokia5110_Clear)
    Nokia5110_ClearBuffer                    0x00000c8d   Thumb Code    20  nokia5110.o(i.Nokia5110_ClearBuffer)
    Nokia5110_DisplayBuffer                  0x00000ca5   Thumb Code    10  nokia5110.o(i.Nokia5110_DisplayBuffer)
    Nokia5110_DrawFullImage                  0x00000cb5   Thumb Code    34  nokia5110.o(i.Nokia5110_DrawFullImage)
    Nokia5110_Init                           0x00000cd9   Thumb Code   316  nokia5110.o(i.Nokia5110_Init)
    Nokia5110_OutChar                        0x00000e45   Thumb Code    52  nokia5110.o(i.Nokia5110_OutChar)
    Nokia5110_OutString                      0x00000e7d   Thumb Code    22  nokia5110.o(i.Nokia5110_OutString)
    Nokia5110_PrintBMP                       0x00000e95   Thumb Code   420  nokia5110.o(i.Nokia5110_PrintBMP)
    Nokia5110_SetCursor                      0x0000103d   Thumb Code    48  nokia5110.o(i.Nokia5110_SetCursor)
    PLL_Init                                 0x0000106d   Thumb Code   118  texas.o(i.PLL_Init)
    Play                                     0x000010e9   Thumb Code    56  sound.o(i.Play)
    SetCode                                  0x00001131   Thumb Code    20  texas.o(i.SetCode)
    SetCourse                                0x00001149   Thumb Code    20  texas.o(i.SetCourse)
    Sound_Explosion                          0x00001161   Thumb Code    14  sound.o(i.Sound_Explosion)
    Sound_Highpitch                          0x00001175   Thumb Code    14  sound.o(i.Sound_Highpitch)
    Sound_Init                               0x00001189   Thumb Code    28  sound.o(i.Sound_Init)
    Sound_Killed                             0x000011b1   Thumb Code    14  sound.o(i.Sound_Killed)
    Sound_Play                               0x000011c5   Thumb Code    32  sound.o(i.Sound_Play)
    Sound_Shoot                              0x000011f9   Thumb Code    14  sound.o(i.Sound_Shoot)
    SysTick_Handler                          0x0000120d   Thumb Code   310  spaceinvaders.o(i.SysTick_Handler)
    SysTick_Init                             0x00001379   Thumb Code    42  spaceinvaders.o(i.SysTick_Init)
    TExaS_Init                               0x000013a9   Thumb Code   324  texas.o(i.TExaS_Init)
    Timer0A_Handler                          0x0000156d   Thumb Code    16  sound.o(i.Timer0A_Handler)
    Timer0_Init                              0x00001585   Thumb Code   108  sound.o(i.Timer0_Init)
    Timer2A_Handler                          0x0000160d   Thumb Code    18  spaceinvaders.o(i.Timer2A_Handler)
    Timer2_Init                              0x00001629   Thumb Code    88  spaceinvaders.o(i.Timer2_Init)
    Timer4A_Handler                          0x00001699   Thumb Code    20  texas.o(i.Timer4A_Handler)
    Timer5A_Handler                          0x000016b9   Thumb Code    34  texas.o(i.Timer5A_Handler)
    UART0_Init                               0x000016e9   Thumb Code   160  texas.o(i.UART0_Init)
    fail                                     0x000017a9   Thumb Code    20  spaceinvaders.o(i.fail)
    main                                     0x00001849   Thumb Code   318  spaceinvaders.o(i.main)
    pass                                     0x000019b1   Thumb Code    20  spaceinvaders.o(i.pass)
    starting                                 0x00001a05   Thumb Code    14  spaceinvaders.o(i.starting)
    __aeabi_dadd                             0x00001a55   Thumb Code     0  daddsub_clz.o(x$fpl$dadd)
    _dadd                                    0x00001a55   Thumb Code   332  daddsub_clz.o(x$fpl$dadd)
    __aeabi_d2uiz                            0x00001ba5   Thumb Code     0  dfixu.o(x$fpl$dfixu)
    _dfixu                                   0x00001ba5   Thumb Code    90  dfixu.o(x$fpl$dfixu)
    __aeabi_ui2d                             0x00001bff   Thumb Code     0  dflt_clz.o(x$fpl$dfltu)
    _dfltu                                   0x00001bff   Thumb Code    38  dflt_clz.o(x$fpl$dfltu)
    __aeabi_dmul                             0x00001c25   Thumb Code     0  dmul.o(x$fpl$dmul)
    _dmul                                    0x00001c25   Thumb Code   332  dmul.o(x$fpl$dmul)
    __fpl_dnaninf                            0x00001d79   Thumb Code   156  dnaninf.o(x$fpl$dnaninf)
    __fpl_dretinf                            0x00001e15   Thumb Code    12  dretinf.o(x$fpl$dretinf)
    __aeabi_dsub                             0x00001e21   Thumb Code     0  daddsub_clz.o(x$fpl$dsub)
    _dsub                                    0x00001e21   Thumb Code   464  daddsub_clz.o(x$fpl$dsub)
    __I$use$fp                               0x00001ff4   Number         0  usenofp.o(x$fpl$usenofp)
    SmallEnemy30PointA                       0x000023b4   Data         199  spaceinvaders.o(.constdata)
    SmallEnemy30PointB                       0x0000247b   Data         199  spaceinvaders.o(.constdata)
    SmallEnemy20PointA                       0x00002542   Data         199  spaceinvaders.o(.constdata)
    SmallEnemy20PointB                       0x00002609   Data         199  spaceinvaders.o(.constdata)
    SmallEnemy10PointA                       0x000026d0   Data         199  spaceinvaders.o(.constdata)
    SmallEnemy10PointB                       0x00002797   Data         199  spaceinvaders.o(.constdata)
    PlayerShip0                              0x0000285e   Data         215  spaceinvaders.o(.constdata)
    SmallEnemyBonus0                         0x00002935   Data         203  spaceinvaders.o(.constdata)
    Bunker0                                  0x00002a00   Data         179  spaceinvaders.o(.constdata)
    Bunker1                                  0x00002ab3   Data         179  spaceinvaders.o(.constdata)
    Bunker2                                  0x00002b66   Data         179  spaceinvaders.o(.constdata)
    Bunker3                                  0x00002c19   Data         179  spaceinvaders.o(.constdata)
    BigExplosion0                            0x00002ccc   Data         215  spaceinvaders.o(.constdata)
    BigExplosion1                            0x00002da3   Data         215  spaceinvaders.o(.constdata)
    SmallExplosion0                          0x00002e7a   Data         199  spaceinvaders.o(.constdata)
    SmallExplosion1                          0x00002f41   Data         199  spaceinvaders.o(.constdata)
    Missile0                                 0x00003008   Data         155  spaceinvaders.o(.constdata)
    Missile1                                 0x000030a3   Data         155  spaceinvaders.o(.constdata)
    Missile2                                 0x0000313e   Data         155  spaceinvaders.o(.constdata)
    Laser0                                   0x000031d9   Data         155  spaceinvaders.o(.constdata)
    Laser1                                   0x00003274   Data         155  spaceinvaders.o(.constdata)
    NoInputMsg                               0x0000330f   Data          40  texas.o(.constdata)
    OutputPortMsg0                           0x00003337   Data          40  texas.o(.constdata)
    OutputPortMsg1                           0x0000335f   Data          40  texas.o(.constdata)
    OutputPortMsg2                           0x00003387   Data          40  texas.o(.constdata)
    OutputPortMsg3                           0x000033af   Data          40  texas.o(.constdata)
    BlankMsg                                 0x000033d7   Data          40  texas.o(.constdata)
    InitializedMsg                           0x000033ff   Data          40  texas.o(.constdata)
    IntroMsg                                 0x00003427   Data          40  texas.o(.constdata)
    DoneMsg                                  0x0000344f   Data          40  texas.o(.constdata)
    shoot                                    0x00003477   Data        4080  sound.o(.constdata)
    invaderkilled                            0x00004467   Data        3377  sound.o(.constdata)
    explosion                                0x00005198   Data        2000  sound.o(.constdata)
    fastinvader1                             0x00005968   Data         982  sound.o(.constdata)
    fastinvader2                             0x00005d3e   Data        1042  sound.o(.constdata)
    fastinvader3                             0x00006150   Data        1054  sound.o(.constdata)
    fastinvader4                             0x0000656e   Data        1098  sound.o(.constdata)
    highpitch                                0x000069b8   Data        1802  sound.o(.constdata)
    Region$$Table$$Base                      0x000070c4   Number         0  anon$$obj.o(Region$$Table)
    Region$$Table$$Limit                     0x000070e4   Number         0  anon$$obj.o(Region$$Table)
    start1                                   0x20000000   Data           4  spaceinvaders.o(.data)
    FrameCount                               0x20000004   Data           4  spaceinvaders.o(.data)
    TimerCount                               0x20000008   Data           4  spaceinvaders.o(.data)
    Semaphore                                0x2000000c   Data           4  spaceinvaders.o(.data)
    ADCdata                                  0x20000010   Data           4  spaceinvaders.o(.data)
    Distance                                 0x20000014   Data           4  spaceinvaders.o(.data)
    SW1                                      0x20000018   Data           4  spaceinvaders.o(.data)
    SW2                                      0x2000001c   Data           4  spaceinvaders.o(.data)
    las1                                     0x20000020   Data           4  spaceinvaders.o(.data)
    las2                                     0x20000024   Data           4  spaceinvaders.o(.data)
    count1                                   0x20000028   Data           4  spaceinvaders.o(.data)
    TExaS_Period                             0x2000002c   Data           4  texas.o(.data)
    TExaS_Ports                              0x20000030   Data           8  texas.o(.data)
    Display                                  0x20000038   Data           1  texas.o(.data)
    TExaS_Meter                              0x2000003c   Data           4  texas.o(.data)
    ADCnum                                   0x20000040   Data           4  texas.o(.data)
    LastMode                                 0x20000044   Data           4  texas.o(.data)
    bFlag                                    0x20000048   Data           4  texas.o(.data)
    Count                                    0x2000004c   Data           4  texas.o(.data)
    DelayBetweenTests                        0x20000050   Data           4  texas.o(.data)
    TExaS_Test                               0x20000054   Data           4  texas.o(.data)
    ScopeMode                                0x20000058   Data           4  texas.o(.data)
    ScopeCount                               0x2000005c   Data           4  texas.o(.data)
    Index                                    0x20000060   Data           4  sound.o(.data)
    Count1                                   0x20000064   Data           4  sound.o(.data)
    Wave                                     0x20000068   Data           4  sound.o(.data)
    PeriodicTask                             0x2000006c   Data           4  sound.o(.data)
    Screen                                   0x20000074   Data         504  nokia5110.o(.bss)
    Enemy                                    0x2000026c   Data          80  spaceinvaders.o(.bss)
    Playerlas                                0x200002bc   Data         200  spaceinvaders.o(.bss)
    Explosion1                               0x20000384   Data          20  spaceinvaders.o(.bss)
    Bunke                                    0x20000398   Data          20  spaceinvaders.o(.bss)
    TExaS                                    0x200003b0   Data          56  texas.o(.bss)
    __libspace_start                         0x200003e8   Data          96  libspace.o(.bss)
    __temporary_stack_top$libspace           0x20000448   Data           0  libspace.o(.bss)



==============================================================================

Memory Map of the image

  Image Entry point : 0x0000026d

  Load Region LR_1 (Base: 0x00000000, Size: 0x00007158, Max: 0xffffffff, ABSOLUTE)

    Execution Region ER_RO (Base: 0x00000000, Size: 0x000070e4, Max: 0xffffffff, ABSOLUTE)

    Base Addr    Size         Type   Attr      Idx    E Section Name        Object

    0x00000000   0x00000284   Code   RO            3  * RESET               startup.o
    0x00000284   0x00000008   Code   RO          441  * !!!main             c_w.l(__main.o)
    0x0000028c   0x00000034   Code   RO          618    !!!scatter          c_w.l(__scatter.o)
    0x000002c0   0x0000001a   Code   RO          620    !!handler_copy      c_w.l(__scatter_copy.o)
    0x000002da   0x00000002   PAD
    0x000002dc   0x0000001c   Code   RO          622    !!handler_zi        c_w.l(__scatter_zi.o)
    0x000002f8   0x00000002   Code   RO          491    .ARM.Collect$$libinit$$00000000  c_w.l(libinit.o)
    0x000002fa   0x00000000   Code   RO          498    .ARM.Collect$$libinit$$00000002  c_w.l(libinit2.o)
    0x000002fa   0x00000000   Code   RO          501    .ARM.Collect$$libinit$$00000008  c_w.l(libinit2.o)
    0x000002fa   0x00000000   Code   RO          503    .ARM.Collect$$libinit$$0000000A  c_w.l(libinit2.o)
    0x000002fa   0x00000000   Code   RO          505    .ARM.Collect$$libinit$$0000000C  c_w.l(libinit2.o)
    0x000002fa   0x00000000   Code   RO          508    .ARM.Collect$$libinit$$0000000F  c_w.l(libinit2.o)
    0x000002fa   0x00000000   Code   RO          510    .ARM.Collect$$libinit$$00000011  c_w.l(libinit2.o)
    0x000002fa   0x00000000   Code   RO          512    .ARM.Collect$$libinit$$00000013  c_w.l(libinit2.o)
    0x000002fa   0x00000000   Code   RO          514    .ARM.Collect$$libinit$$00000015  c_w.l(libinit2.o)
    0x000002fa   0x00000000   Code   RO          516    .ARM.Collect$$libinit$$00000017  c_w.l(libinit2.o)
    0x000002fa   0x00000000   Code   RO          518    .ARM.Collect$$libinit$$00000019  c_w.l(libinit2.o)
    0x000002fa   0x00000000   Code   RO          520    .ARM.Collect$$libinit$$0000001B  c_w.l(libinit2.o)
    0x000002fa   0x00000000   Code   RO          522    .ARM.Collect$$libinit$$0000001D  c_w.l(libinit2.o)
    0x000002fa   0x00000000   Code   RO          524    .ARM.Collect$$libinit$$0000001F  c_w.l(libinit2.o)
    0x000002fa   0x00000000   Code   RO          526    .ARM.Collect$$libinit$$00000021  c_w.l(libinit2.o)
    0x000002fa   0x00000000   Code   RO          528    .ARM.Collect$$libinit$$00000023  c_w.l(libinit2.o)
    0x000002fa   0x00000000   Code   RO          532    .ARM.Collect$$libinit$$0000002A  c_w.l(libinit2.o)
    0x000002fa   0x00000000   Code   RO          534    .ARM.Collect$$libinit$$0000002C  c_w.l(libinit2.o)
    0x000002fa   0x00000000   Code   RO          536    .ARM.Collect$$libinit$$0000002E  c_w.l(libinit2.o)
    0x000002fa   0x00000000   Code   RO          538    .ARM.Collect$$libinit$$00000030  c_w.l(libinit2.o)
    0x000002fa   0x00000002   Code   RO          539    .ARM.Collect$$libinit$$00000031  c_w.l(libinit2.o)
    0x000002fc   0x00000002   Code   RO          559    .ARM.Collect$$libshutdown$$00000000  c_w.l(libshutdown.o)
    0x000002fe   0x00000000   Code   RO          573    .ARM.Collect$$libshutdown$$00000003  c_w.l(libshutdown2.o)
    0x000002fe   0x00000000   Code   RO          576    .ARM.Collect$$libshutdown$$00000006  c_w.l(libshutdown2.o)
    0x000002fe   0x00000000   Code   RO          579    .ARM.Collect$$libshutdown$$00000009  c_w.l(libshutdown2.o)
    0x000002fe   0x00000000   Code   RO          581    .ARM.Collect$$libshutdown$$0000000B  c_w.l(libshutdown2.o)
    0x000002fe   0x00000000   Code   RO          584    .ARM.Collect$$libshutdown$$0000000E  c_w.l(libshutdown2.o)
    0x000002fe   0x00000002   Code   RO          585    .ARM.Collect$$libshutdown$$0000000F  c_w.l(libshutdown2.o)
    0x00000300   0x00000000   Code   RO          461    .ARM.Collect$$rtentry$$00000000  c_w.l(rtentry.o)
    0x00000300   0x00000000   Code   RO          468    .ARM.Collect$$rtentry$$00000002  c_w.l(rtentry2.o)
    0x00000300   0x00000006   Code   RO          480    .ARM.Collect$$rtentry$$00000004  c_w.l(rtentry4.o)
    0x00000306   0x00000000   Code   RO          470    .ARM.Collect$$rtentry$$00000009  c_w.l(rtentry2.o)
    0x00000306   0x00000004   Code   RO          471    .ARM.Collect$$rtentry$$0000000A  c_w.l(rtentry2.o)
    0x0000030a   0x00000000   Code   RO          473    .ARM.Collect$$rtentry$$0000000C  c_w.l(rtentry2.o)
    0x0000030a   0x00000008   Code   RO          474    .ARM.Collect$$rtentry$$0000000D  c_w.l(rtentry2.o)
    0x00000312   0x00000002   Code   RO          495    .ARM.Collect$$rtexit$$00000000  c_w.l(rtexit.o)
    0x00000314   0x00000000   Code   RO          541    .ARM.Collect$$rtexit$$00000002  c_w.l(rtexit2.o)
    0x00000314   0x00000004   Code   RO          542    .ARM.Collect$$rtexit$$00000003  c_w.l(rtexit2.o)
    0x00000318   0x00000006   Code   RO          543    .ARM.Collect$$rtexit$$00000004  c_w.l(rtexit2.o)
    0x0000031e   0x00000002   PAD
    0x00000320   0x00000030   Code   RO            4    .text               startup.o
    0x00000350   0x0000003c   Code   RO          104    .text               random.o
    0x0000038c   0x00000006   Code   RO          439    .text               c_w.l(heapauxi.o)
    0x00000392   0x0000004a   Code   RO          482    .text               c_w.l(sys_stackheap_outer.o)
    0x000003dc   0x0000000c   Code   RO          484    .text               c_w.l(exit.o)
    0x000003e8   0x00000008   Code   RO          492    .text               c_w.l(libspace.o)
    0x000003f0   0x0000000c   Code   RO          551    .text               c_w.l(sys_exit.o)
    0x000003fc   0x00000002   Code   RO          562    .text               c_w.l(use_no_semi.o)
    0x000003fe   0x00000000   Code   RO          564    .text               c_w.l(indicate_semi.o)
    0x000003fe   0x00000002   PAD
    0x00000400   0x0000002c   Code   RO          107    i.ADC0_In           spaceinvaders.o
    0x0000042c   0x000000dc   Code   RO          108    i.ADC0_Init         spaceinvaders.o
    0x00000508   0x0000000c   Code   RO          218    i.ADC1_In           texas.o
    0x00000514   0x000000d4   Code   RO          219    i.ADC1_Init         texas.o
    0x000005e8   0x00000058   Code   RO          109    i.Convert           spaceinvaders.o
    0x00000640   0x0000007c   Code   RO          337    i.DAC_Init          sound.o
    0x000006bc   0x0000000c   Code   RO          338    i.DAC_Out           sound.o
    0x000006c8   0x00000024   Code   RO          110    i.Delay100ms        spaceinvaders.o
    0x000006ec   0x00000340   Code   RO          111    i.Draw              spaceinvaders.o
    0x00000a2c   0x00000070   Code   RO          112    i.GIPO_Init         spaceinvaders.o
    0x00000a9c   0x000000c0   Code   RO          113    i.Init              spaceinvaders.o
    0x00000b5c   0x00000110   Code   RO          114    i.Move              spaceinvaders.o
    0x00000c6c   0x00000020   Code   RO           12    i.Nokia5110_Clear   nokia5110.o
    0x00000c8c   0x00000018   Code   RO           13    i.Nokia5110_ClearBuffer  nokia5110.o
    0x00000ca4   0x00000010   Code   RO           15    i.Nokia5110_DisplayBuffer  nokia5110.o
    0x00000cb4   0x00000022   Code   RO           16    i.Nokia5110_DrawFullImage  nokia5110.o
    0x00000cd6   0x00000002   PAD
    0x00000cd8   0x0000016c   Code   RO           17    i.Nokia5110_Init    nokia5110.o
    0x00000e44   0x00000038   Code   RO           18    i.Nokia5110_OutChar  nokia5110.o
    0x00000e7c   0x00000016   Code   RO           19    i.Nokia5110_OutString  nokia5110.o
    0x00000e92   0x00000002   PAD
    0x00000e94   0x000001a8   Code   RO           21    i.Nokia5110_PrintBMP  nokia5110.o
    0x0000103c   0x00000030   Code   RO           22    i.Nokia5110_SetCursor  nokia5110.o
    0x0000106c   0x0000007c   Code   RO          220    i.PLL_Init          texas.o
    0x000010e8   0x00000048   Code   RO          339    i.Play              sound.o
    0x00001130   0x00000018   Code   RO          221    i.SetCode           texas.o
    0x00001148   0x00000018   Code   RO          222    i.SetCourse         texas.o
    0x00001160   0x00000014   Code   RO          340    i.Sound_Explosion   sound.o
    0x00001174   0x00000014   Code   RO          345    i.Sound_Highpitch   sound.o
    0x00001188   0x00000028   Code   RO          346    i.Sound_Init        sound.o
    0x000011b0   0x00000014   Code   RO          347    i.Sound_Killed      sound.o
    0x000011c4   0x00000034   Code   RO          348    i.Sound_Play        sound.o
    0x000011f8   0x00000014   Code   RO          349    i.Sound_Shoot       sound.o
    0x0000120c   0x0000016c   Code   RO          115    i.SysTick_Handler   spaceinvaders.o
    0x00001378   0x00000030   Code   RO          116    i.SysTick_Init      spaceinvaders.o
    0x000013a8   0x000001c4   Code   RO          226    i.TExaS_Init        texas.o
    0x0000156c   0x00000018   Code   RO          350    i.Timer0A_Handler   sound.o
    0x00001584   0x00000088   Code   RO          351    i.Timer0_Init       sound.o
    0x0000160c   0x0000001c   Code   RO          117    i.Timer2A_Handler   spaceinvaders.o
    0x00001628   0x00000070   Code   RO          118    i.Timer2_Init       spaceinvaders.o
    0x00001698   0x00000020   Code   RO          228    i.Timer4A_Handler   texas.o
    0x000016b8   0x00000030   Code   RO          229    i.Timer5A_Handler   texas.o
    0x000016e8   0x000000c0   Code   RO          232    i.UART0_Init        texas.o
    0x000017a8   0x00000054   Code   RO          119    i.fail              spaceinvaders.o
    0x000017fc   0x0000004c   Code   RO           24    i.lcdwrite          nokia5110.o
    0x00001848   0x00000168   Code   RO          120    i.main              spaceinvaders.o
    0x000019b0   0x00000054   Code   RO          121    i.pass              spaceinvaders.o
    0x00001a04   0x00000050   Code   RO          122    i.starting          spaceinvaders.o
    0x00001a54   0x00000150   Code   RO          443    x$fpl$dadd          fz_ws.l(daddsub_clz.o)
    0x00001ba4   0x0000005a   Code   RO          449    x$fpl$dfixu         fz_ws.l(dfixu.o)
    0x00001bfe   0x00000026   Code   RO          453    x$fpl$dfltu         fz_ws.l(dflt_clz.o)
    0x00001c24   0x00000154   Code   RO          459    x$fpl$dmul          fz_ws.l(dmul.o)
    0x00001d78   0x0000009c   Code   RO          462    x$fpl$dnaninf       fz_ws.l(dnaninf.o)
    0x00001e14   0x0000000c   Code   RO          464    x$fpl$dretinf       fz_ws.l(dretinf.o)
    0x00001e20   0x000001d4   Code   RO          445    x$fpl$dsub          fz_ws.l(daddsub_clz.o)
    0x00001ff4   0x00000000   Code   RO          466    x$fpl$usenofp       fz_ws.l(usenofp.o)
    0x00001ff4   0x000001e0   Data   RO           26    .constdata          nokia5110.o
    0x000021d4   0x0000113b   Data   RO          124    .constdata          spaceinvaders.o
    0x0000330f   0x00000168   Data   RO          237    .constdata          texas.o
    0x00003477   0x00003c4b   Data   RO          352    .constdata          sound.o
    0x000070c2   0x00000002   PAD
    0x000070c4   0x00000020   Data   RO          616    Region$$Table       anon$$obj.o


    Execution Region ER_RW (Base: 0x20000000, Size: 0x00000074, Max: 0xffffffff, ABSOLUTE)

    Base Addr    Size         Type   Attr      Idx    E Section Name        Object

    0x20000000   0x0000002c   Data   RW          125    .data               spaceinvaders.o
    0x2000002c   0x00000034   Data   RW          238    .data               texas.o
    0x20000060   0x00000010   Data   RW          353    .data               sound.o
    0x20000070   0x00000004   Data   RW          103    DATA                random.o


    Execution Region ER_ZI (Base: 0x20000074, Size: 0x000007d4, Max: 0xffffffff, ABSOLUTE)

    Base Addr    Size         Type   Attr      Idx    E Section Name        Object

    0x20000074   0x000001f8   Zero   RW           25    .bss                nokia5110.o
    0x2000026c   0x00000140   Zero   RW          123    .bss                spaceinvaders.o
    0x200003ac   0x00000004   PAD
    0x200003b0   0x00000038   Zero   RW          236    .bss                texas.o
    0x200003e8   0x00000060   Zero   RW          493    .bss                c_w.l(libspace.o)
    0x20000448   0x00000000   Zero   RW            2    HEAP                startup.o
    0x20000448   0x00000400   Zero   RW            1    STACK               startup.o


==============================================================================

Image component sizes


      Code (inc. data)   RO Data    RW Data    ZI Data      Debug   Object Name

      1096         76        480          0        504       8529   nokia5110.o
        60         14          0          4          0        184   random.o
       540        142      15435         16          0       5188   sound.o
      2956        522       4411         44        320      10447   spaceinvaders.o
       692        632          0          0       1024        868   startup.o
      1120        244        360         52         56      15392   texas.o

    ----------------------------------------------------------------------
      6468       1630      20720        116       1908      40608   Object Totals
         0          0         32          0          0          0   (incl. Generated)
         4          0          2          0          4          0   (incl. Padding)

    ----------------------------------------------------------------------

      Code (inc. data)   RO Data    RW Data    ZI Data      Debug   Library Member Name

         8          0          0          0          0         68   __main.o
        52          8          0          0          0          0   __scatter.o
        26          0          0          0          0          0   __scatter_copy.o
        28          0          0          0          0          0   __scatter_zi.o
        12          0          0          0          0         72   exit.o
         6          0          0          0          0        152   heapauxi.o
         0          0          0          0          0          0   indicate_semi.o
         2          0          0          0          0          0   libinit.o
         2          0          0          0          0          0   libinit2.o
         2          0          0          0          0          0   libshutdown.o
         2          0          0          0          0          0   libshutdown2.o
         8          4          0          0         96         68   libspace.o
         0          0          0          0          0          0   rtentry.o
        12          0          0          0          0          0   rtentry2.o
         6          0          0          0          0          0   rtentry4.o
         2          0          0          0          0          0   rtexit.o
        10          0          0          0          0          0   rtexit2.o
        12          4          0          0          0         68   sys_exit.o
        74          0          0          0          0         80   sys_stackheap_outer.o
         2          0          0          0          0         68   use_no_semi.o
       804         16          0          0          0        272   daddsub_clz.o
        90          4          0          0          0         92   dfixu.o
        38          0          0          0          0         68   dflt_clz.o
       340         12          0          0          0        104   dmul.o
       156          4          0          0          0         92   dnaninf.o
        12          0          0          0          0         68   dretinf.o
         0          0          0          0          0          0   usenofp.o

    ----------------------------------------------------------------------
      1712         52          0          0         96       1272   Library Totals
         6          0          0          0          0          0   (incl. Padding)

    ----------------------------------------------------------------------

      Code (inc. data)   RO Data    RW Data    ZI Data      Debug   Library Name

       266         16          0          0         96        576   c_w.l
      1440         36          0          0          0        696   fz_ws.l

    ----------------------------------------------------------------------
      1712         52          0          0         96       1272   Library Totals

    ----------------------------------------------------------------------

==============================================================================


      Code (inc. data)   RO Data    RW Data    ZI Data      Debug   

      8180       1682      20720        116       2004      39020   Grand Totals
      8180       1682      20720        116       2004      39020   ELF Image Totals
      8180       1682      20720        116          0          0   ROM Totals

==============================================================================

    Total RO  Size (Code + RO Data)                28900 (  28.22kB)
    Total RW  Size (RW Data + ZI Data)              2120 (   2.07kB)
    Total ROM Size (Code + RO Data + RW Data)      29016 (  28.34kB)

==============================================================================

