<html>
<body>
<pre>
<h1>µVision Build Log</h1>
<h2>Project:</h2>
C:\Keil\Labware\Lab15_SpaceInvaders\SpaceInvaders.uvproj
Project File Date:  12/25/2018

<h2>Output:</h2>
Build target 'SpaceInvaders'
compiling SpaceInvaders.c...
linking...
Program Size: Code=8180 RO-data=20720 RW-data=116 ZI-data=2004  
".\SpaceInvaders.axf" - 0 Error(s), 0 Warning(s).
Load "C:\\Keil\\Labware\\Lab15_SpaceInvaders\\SpaceInvaders.axf" 
Connecting: Mode=JTAG, Speed=1000000Hz
Erase Done.
Programming Done.
Verify OK.
</pre>
</body>
</html>
rget DLL has been cancelled
Load "C:\\Keil\\Labware\\Lab15_SpaceInvaders\\SpaceInvaders.axf" 
Connecting: Mode=JTAG, Speed=1000000Hz
Erase Done.
Programming Done.
Verify OK.
