<html>
<body>
<pre>
<h1>µVision Build Log</h1>
<h2>Project:</h2>
C:\Keil\TExaSware\C12_SoftSound\SoftSound.uvproj
Project File Date:  12/16/2018

<h2>Output:</h2>
Build target 'SoftSound'
assembling startup.s...
compiling SoftSound.c...
compiling PLL.c...
linking...
Program Size: Code=1284 RO-data=16 RW-data=0 ZI-data=1120  
".\SoftSound.axf" - 0 Error(s), 0 Warning(s).
Load "C:\\Keil\\TExaSware\\C12_SoftSound\\SoftSound.axf" 
Connecting: Mode=JTAG, Speed=1000000Hz
Erase Done.
Programming Done.
Verify OK.
</pre>
</body>
</html>
